Archive member included to satisfy reference by file (symbol)

/opt/devkitpro/libnds/lib/libgl2d.a(gl2d.o)
                              main.o (glScreen2D)
/opt/devkitpro/libnds/lib/libnds9.a(trig.o)
                              /opt/devkitpro/libnds/lib/libgl2d.a(gl2d.o) (sinLerp)
/opt/devkitpro/libnds/lib/libnds9.a(touch.o)
                              main.o (touchRead)
/opt/devkitpro/libnds/lib/libnds9.a(console.o)
                              main.o (consoleDemoInit)
/opt/devkitpro/libnds/lib/libnds9.a(videoGL.o)
                              /opt/devkitpro/libnds/lib/libgl2d.a(gl2d.o) (glMaterialf)
/opt/devkitpro/libnds/lib/libnds9.a(keys.o)
                              main.o (scanKeys)
/opt/devkitpro/libnds/lib/libnds9.a(initSystem.o)
                              /opt/devkitpro/devkitARM/bin/../lib/gcc/arm-none-eabi/12.2.0/../../../../arm-none-eabi/lib/thumb/ds_arm9_crt0.o (initSystem)
/opt/devkitpro/libnds/lib/libnds9.a(securearea.o)
                              /opt/devkitpro/devkitARM/bin/../lib/gcc/arm-none-eabi/12.2.0/../../../../arm-none-eabi/lib/thumb/ds_arm9_crt0.o (__secure_area__)
/opt/devkitpro/libnds/lib/libnds9.a(interrupts.o)
                              /opt/devkitpro/libnds/lib/libnds9.a(initSystem.o) (irqInit)
/opt/devkitpro/libnds/lib/libnds9.a(libnds_exit.arm.o)
                              /opt/devkitpro/devkitARM/bin/../lib/gcc/arm-none-eabi/12.2.0/../../../../arm-none-eabi/lib/thumb/ds_arm9_crt0.o (__libnds_exit)
/opt/devkitpro/libnds/lib/libnds9.a(fifosystem.o)
                              /opt/devkitpro/libnds/lib/libnds9.a(initSystem.o) (fifoSetValue32Handler)
/opt/devkitpro/libnds/lib/libnds9.a(mpu_setup.o)
                              /opt/devkitpro/devkitARM/bin/../lib/gcc/arm-none-eabi/12.2.0/../../../../arm-none-eabi/lib/thumb/ds_arm9_crt0.o (__libnds_mpu_setup)
/opt/devkitpro/libnds/lib/libnds9.a(IntrWait.o)
                              main.o (swiWaitForVBlank)
/opt/devkitpro/libnds/lib/libnds9.a(cpu_clock.o)
                              /opt/devkitpro/libnds/lib/libnds9.a(initSystem.o) (setCpuClock)
/opt/devkitpro/libnds/lib/libnds9.a(interruptDispatcher.o)
                              /opt/devkitpro/libnds/lib/libnds9.a(interrupts.o) (IntrMain)
/opt/devkitpro/libnds/lib/libnds9.a(biosCalls.o)
                              /opt/devkitpro/libnds/lib/libnds9.a(videoGL.o) (swiCopy)
/opt/devkitpro/libnds/lib/libnds9.a(debugprint.o)
                              /opt/devkitpro/libnds/lib/libnds9.a(console.o) (nocashWrite)
/opt/devkitpro/libnds/lib/libnds9.a(swiSoftReset.o)
                              /opt/devkitpro/libnds/lib/libnds9.a(fifosystem.o) (swiSoftReset)
/opt/devkitpro/libnds/lib/libnds9.a(default_font.bin.o)
                              /opt/devkitpro/libnds/lib/libnds9.a(console.o) (default_font_bin)
/opt/devkitpro/libnds/lib/libnds9.a(background.o)
                              /opt/devkitpro/libnds/lib/libnds9.a(console.o) (bgState)
/opt/devkitpro/libnds/lib/libnds9.a(dynamicArray.o)
                              /opt/devkitpro/libnds/lib/libnds9.a(videoGL.o) (DynamicArrayInit)
/opt/devkitpro/libnds/lib/libnds9.a(video.o)
                              /opt/devkitpro/libnds/lib/libnds9.a(videoGL.o) (vramSetBanks_EFG)
/opt/devkitpro/libnds/lib/libnds9.a(system.o)
                              /opt/devkitpro/libnds/lib/libnds9.a(initSystem.o) (systemValueHandler)
/opt/devkitpro/devkitARM/bin/../lib/gcc/arm-none-eabi/12.2.0/../../../../arm-none-eabi/lib/thumb/libstdc++.a(del_ops.o)
                              main.o (operator delete(void*, unsigned int))
/opt/devkitpro/devkitARM/bin/../lib/gcc/arm-none-eabi/12.2.0/../../../../arm-none-eabi/lib/thumb/libstdc++.a(new_op.o)
                              main.o (operator new(unsigned int))
/opt/devkitpro/devkitARM/bin/../lib/gcc/arm-none-eabi/12.2.0/../../../../arm-none-eabi/lib/thumb/libstdc++.a(functexcept.o)
                              main.o (std::__throw_length_error(char const*))
/opt/devkitpro/devkitARM/bin/../lib/gcc/arm-none-eabi/12.2.0/../../../../arm-none-eabi/lib/thumb/libstdc++.a(bad_alloc.o)
                              /opt/devkitpro/devkitARM/bin/../lib/gcc/arm-none-eabi/12.2.0/../../../../arm-none-eabi/lib/thumb/libstdc++.a(new_op.o) (vtable for std::bad_alloc)
/opt/devkitpro/devkitARM/bin/../lib/gcc/arm-none-eabi/12.2.0/../../../../arm-none-eabi/lib/thumb/libstdc++.a(bad_array_new.o)
                              /opt/devkitpro/devkitARM/bin/../lib/gcc/arm-none-eabi/12.2.0/../../../../arm-none-eabi/lib/thumb/libstdc++.a(functexcept.o) (vtable for std::bad_array_new_length)
/opt/devkitpro/devkitARM/bin/../lib/gcc/arm-none-eabi/12.2.0/../../../../arm-none-eabi/lib/thumb/libstdc++.a(bad_cast.o)
                              /opt/devkitpro/devkitARM/bin/../lib/gcc/arm-none-eabi/12.2.0/../../../../arm-none-eabi/lib/thumb/libstdc++.a(functexcept.o) (vtable for std::bad_cast)
[...]
Memory Configuration

Name             Origin             Length             Attributes
ewram            0x0000000002000000 0x0000000000380000
dtcm             0x0000000002ff0000 0x0000000000004000
vectors          0x0000000001000000 0x0000000000000100
itcm             0x0000000001000100 0x0000000000007f00
*default*        0x0000000000000000 0xffffffffffffffff

Linker script and memory map

                0x0000000002380000                __ewram_end = (ORIGIN (ewram) + LENGTH (ewram))
                0x0000000002380000                __eheap_end = (ORIGIN (ewram) + LENGTH (ewram))
                0x0000000002ff4000                __dtcm_top = (ORIGIN (dtcm) + LENGTH (dtcm))
                0x0000000002ff3ff8                __irq_flags = (__dtcm_top - 0x8)
                0x0000000002ff3ffc                __irq_vector = (__dtcm_top - 0x4)
                0x0000000002ff3f00                __sp_svc = (__dtcm_top - 0x100)
                0x0000000002ff3e00                __sp_irq = (__sp_svc - 0x100)
                0x0000000002ff3d00                __sp_usr = (__sp_irq - 0x100)

.secure         0x0000000002000000      0x800
 *(.secure)
 .secure        0x0000000002000000      0x800 /opt/devkitpro/libnds/lib/libnds9.a(securearea.o)
                0x0000000002000000                __secure_area__

.crt0           0x0000000002000800      0x300
                0x0000000002000800                __text_start = .
 *(.crt0)
 .crt0          0x0000000002000800      0x300 /opt/devkitpro/devkitARM/bin/../lib/gcc/arm-none-eabi/12.2.0/../../../../arm-none-eabi/lib/thumb/ds_arm9_crt0.o
                0x0000000002000800                _start
                0x0000000002000b00                . = ALIGN (0x4)

.plt
 *(.plt)

.init           0x0000000002000b00        0xc
 *(SORT_NONE(.init))
 .init          0x0000000002000b00        0x4 /opt/devkitpro/devkitARM/bin/../lib/gcc/arm-none-eabi/12.2.0/thumb/crti.o
                0x0000000002000b00                _init
 .init          0x0000000002000b04        0x8 /opt/devkitpro/devkitARM/bin/../lib/gcc/arm-none-eabi/12.2.0/thumb/crtn.o

.text           0x0000000002000b10     0xf910
 *(EXCLUDE_FILE(*.twl* *.vectors* *.itcm*) .text)
 .text          0x0000000002000b10       0xf4 main.o
                0x0000000002000b10                drawBackground()
                0x0000000002000b78                drawHeart(int)
 *fill*         0x0000000002000c04        0x4 ff
 .text          0x0000000002000c08     0x1768 /opt/devkitpro/libnds/lib/libgl2d.a(gl2d.o)
                0x0000000002000c08                SetOrtho
                0x0000000002000dac                glScreen2D
                0x0000000002001320                glBegin2D
                0x00000000020013a0                glEnd2D
                0x00000000020013bc                glPutPixel
                0x0000000002001418                glLine
                0x0000000002001488                glBox
                0x0000000002001538                glBoxFilled
                0x00000000020015c0                glBoxFilledGradient
                0x0000000002001660                glTriangle
                0x00000000020016e0                glTriangleFilled
                0x0000000002001758                glTriangleFilledGradient
                0x00000000020017e0                glSprite
                0x00000000020018d4                glSpriteScale
                0x00000000020019e8                glSpriteScaleXY
                0x0000000002001af4                glSpriteRotate
                0x0000000002001c6c                glSpriteRotateScale
                0x0000000002001df4                glSpriteRotateScaleXY
                0x0000000002001f80                glSpriteStretchHorizontal
                0x00000000020020ec                glSpriteOnQuad
                0x0000000002002214                glLoadSpriteSet
                0x00000000020022a4                glLoadTileSet
 .text          0x0000000002002370      0x150 /opt/devkitpro/devkitARM/bin/../lib/gcc/arm-none-eabi/12.2.0/thumb/libgcc.a(_divsi3.o)
                0x0000000002002370                __aeabi_idiv
                0x0000000002002370                __divsi3
                0x00000000020024a0                __aeabi_idivmod
 .text          0x00000000020024c0        0x4 /opt/devkitpro/devkitARM/bin/../lib/gcc/arm-none-eabi/12.2.0/thumb/libgcc.a(_dvmd_tls.o)
                0x00000000020024c0                __aeabi_ldiv0
                0x00000000020024c0                __aeabi_idiv0
 .text          0x00000000020024c4      0x424 /opt/devkitpro/devkitARM/bin/../lib/gcc/arm-none-eabi/12.2.0/thumb/libgcc.a(_arm_addsubdf3.o)
                0x00000000020024c4                __aeabi_drsub
                0x00000000020024cc                __subdf3
                0x00000000020024cc                __aeabi_dsub
                0x00000000020024d0                __aeabi_dadd
                0x00000000020024d0                __adddf3
                0x00000000020027e0                __aeabi_ui2d
                0x00000000020027e0                __floatunsidf
                0x0000000002002804                __floatsidf
                0x0000000002002804                __aeabi_i2d
                0x000000000200282c                __extendsfdf2
                0x000000000200282c                __aeabi_f2d
                0x0000000002002874                __aeabi_ul2d
                0x0000000002002874                __floatundidf
                0x0000000002002888                __aeabi_l2d
                0x0000000002002888                __floatdidf
 .text          0x00000000020028e8      0x49c /opt/devkitpro/devkitARM/bin/../lib/gcc/arm-none-eabi/12.2.0/thumb/libgcc.a(_arm_muldivdf3.o)
                0x00000000020028e8                __aeabi_dmul
                0x00000000020028e8                __muldf3
                0x0000000002002b78                __aeabi_ddiv
                0x0000000002002b78                __divdf3
 .text          0x0000000002002d84      0x144 /opt/devkitpro/devkitARM/bin/../lib/gcc/arm-none-eabi/12.2.0/thumb/libgcc.a(_arm_cmpdf2.o)
                0x0000000002002d84                __gedf2
                0x0000000002002d84                __gtdf2
                0x0000000002002d8c                __ledf2
                0x0000000002002d8c                __ltdf2
                0x0000000002002d94                __cmpdf2
                0x0000000002002d94                __eqdf2
                0x0000000002002d94                __nedf2
                0x0000000002002e1c                __aeabi_cdrcmple
                0x0000000002002e38                __aeabi_cdcmple
                0x0000000002002e38                __aeabi_cdcmpeq
                0x0000000002002e50                __aeabi_dcmpeq
                0x0000000002002e68                __aeabi_dcmplt
                0x0000000002002e80                __aeabi_dcmple
                0x0000000002002e98                __aeabi_dcmpge
                0x0000000002002eb0                __aeabi_dcmpgt
 .text          0x0000000002002ec8       0x38 /opt/devkitpro/devkitARM/bin/../lib/gcc/arm-none-eabi/12.2.0/thumb/libgcc.a(_arm_unorddf2.o)
                0x0000000002002ec8                __aeabi_dcmpun
                0x0000000002002ec8                __unorddf2
 .text          0x0000000002002f00       0xa0 /opt/devkitpro/devkitARM/bin/../lib/gcc/arm-none-eabi/12.2.0/thumb/libgcc.a(_arm_truncdfsf2.o)
                0x0000000002002f00                __aeabi_d2f
                0x0000000002002f00                __truncdfsf2
 .text          0x0000000002002fa0      0x2ac /opt/devkitpro/devkitARM/bin/../lib/gcc/arm-none-eabi/12.2.0/thumb/libgcc.a(_arm_addsubsf3.o)
                0x0000000002002fa0                __aeabi_frsub
                0x0000000002002fa8                __aeabi_fsub
                0x0000000002002fa8                __subsf3
                0x0000000002002fac                __aeabi_fadd
                0x0000000002002fac                __addsf3
                0x0000000002003168                __aeabi_ui2f
                0x0000000002003168                __floatunsisf
                0x0000000002003170                __floatsisf
                0x0000000002003170                __aeabi_i2f
                0x0000000002003190                __aeabi_ul2f
                0x0000000002003190                __floatundisf
                0x00000000020031a0                __aeabi_l2f
                0x00000000020031a0                __floatdisf
 .text          0x000000000200324c      0x2f8 /opt/devkitpro/devkitARM/bin/../lib/gcc/arm-none-eabi/12.2.0/thumb/libgcc.a(_arm_muldivsf3.o)
                0x000000000200324c                __mulsf3
                0x000000000200324c                __aeabi_fmul
                0x00000000020033e4                __divsf3
                0x00000000020033e4                __aeabi_fdiv
 .text          0x0000000002003544       0x5c /opt/devkitpro/devkitARM/bin/../lib/gcc/arm-none-eabi/12.2.0/thumb/libgcc.a(_arm_fixsfsi.o)
                0x0000000002003544                __fixsfsi
                0x0000000002003544                __aeabi_f2iz
 .text          0x00000000020035a0      0x1d8 /opt/devkitpro/devkitARM/bin/../lib/gcc/arm-none-eabi/12.2.0/thumb/libgcc.a(libunwind.o)
                0x00000000020035a0                __restore_core_regs
                0x00000000020035a0                restore_core_regs
                0x00000000020035bc                __gnu_Unwind_Restore_VFP
                0x00000000020035c4                __gnu_Unwind_Save_VFP
                0x00000000020035cc                __gnu_Unwind_Restore_VFP_D
                0x00000000020035d4                __gnu_Unwind_Save_VFP_D
                0x00000000020035dc                __gnu_Unwind_Restore_VFP_D_16_to_31
                0x00000000020035e4                __gnu_Unwind_Save_VFP_D_16_to_31
                0x00000000020035ec                __gnu_Unwind_Restore_WMMXD
                0x0000000002003630                __gnu_Unwind_Save_WMMXD
                0x0000000002003674                __gnu_Unwind_Restore_WMMXC
                0x0000000002003688                __gnu_Unwind_Save_WMMXC
                0x000000000200369c                _Unwind_RaiseException
                0x000000000200369c                ___Unwind_RaiseException
                0x00000000020036c8                ___Unwind_Resume
                0x00000000020036c8                _Unwind_Resume
                0x00000000020036f4                ___Unwind_Resume_or_Rethrow
                0x00000000020036f4                _Unwind_Resume_or_Rethrow
                0x0000000002003720                _Unwind_ForcedUnwind
                0x0000000002003720                ___Unwind_ForcedUnwind
                0x000000000200374c                _Unwind_Backtrace
                0x000000000200374c                ___Unwind_Backtrace
 .text          0x0000000002003778      0x224 /opt/devkitpro/devkitARM/bin/../lib/gcc/arm-none-eabi/12.2.0/../../../../arm-none-eabi/lib/thumb/libg.a(lib_a-strcmp.o)
                0x0000000002003778                strcmp
 .text          0x000000000200399c       0x14 /opt/devkitpro/devkitARM/bin/../lib/gcc/arm-none-eabi/12.2.0/thumb/libgcc.a(_thumb1_case_uqi.o)
                0x000000000200399c                __gnu_thumb1_case_uqi
 .text          0x00000000020039b0       0x14 /opt/devkitpro/devkitARM/bin/../lib/gcc/arm-none-eabi/12.2.0/thumb/libgcc.a(_thumb1_case_uhi.o)
                0x00000000020039b0                __gnu_thumb1_case_uhi
 .text          0x00000000020039c4      0x11c /opt/devkitpro/devkitARM/bin/../lib/gcc/arm-none-eabi/12.2.0/thumb/libgcc.a(_udivsi3.o)
                0x00000000020039c4                __udivsi3
                0x00000000020039c4                __aeabi_uidiv
                0x0000000002003ac0                __aeabi_uidivmod
 .text          0x0000000002003ae0       0x3c /opt/devkitpro/devkitARM/bin/../lib/gcc/arm-none-eabi/12.2.0/thumb/libgcc.a(_aeabi_uldivmod.o)
                0x0000000002003ae0                __aeabi_uldivmod
 .text          0x0000000002003b1c       0x28 /opt/devkitpro/devkitARM/bin/../lib/gcc/arm-none-eabi/12.2.0/thumb/libgcc.a(_clzdi2.o)
                0x0000000002003b1c                __clzdi2
 .text          0x0000000002003b44       0x48 /opt/devkitpro/devkitARM/bin/../lib/gcc/arm-none-eabi/12.2.0/thumb/libgcc.a(_clzsi2.o)
                0x0000000002003b44                __clzsi2
 *(EXCLUDE_FILE(*.twl* *.vectors* *.itcm*) .stub)
 *(EXCLUDE_FILE(*.twl* *.vectors* *.itcm*) .text.*)
 .text.__do_global_dtors_aux
                0x0000000002003b8c       0x2c /opt/devkitpro/devkitARM/bin/../lib/gcc/arm-none-eabi/12.2.0/thumb/crtbegin.o
 .text.frame_dummy
                0x0000000002003bb8       0x24 /opt/devkitpro/devkitARM/bin/../lib/gcc/arm-none-eabi/12.2.0/thumb/crtbegin.o
 .text._ZNSt6vectorI10ProjectileSaIS0_EE8_M_eraseEN9__gnu_cxx17__normal_iteratorIPS0_S2_EE
                0x0000000002003bdc       0x20 main.o
                0x0000000002003bdc                std::vector<Projectile, std::allocator<Projectile> >::_M_erase(__gnu_cxx::__normal_iterator<Projectile*, std::vector<Projectile, std::allocator<Projectile> > >)
 .text._ZNSt6vectorI5EnemySaIS0_EE8_M_eraseEN9__gnu_cxx17__normal_iteratorIPS0_S2_EE
                0x0000000002003bfc       0x20 main.o
                0x0000000002003bfc                std::vector<Enemy, std::allocator<Enemy> >::_M_erase(__gnu_cxx::__normal_iterator<Enemy*, std::vector<Enemy, std::allocator<Enemy> > >)
 .text._ZNSt6vectorI5EnemySaIS0_EE17_M_realloc_insertIJS0_EEEvN9__gnu_cxx17__normal_iteratorIPS0_S2_EEDpOT_
                0x0000000002003c1c      0x108 main.o
                0x0000000002003c1c                void std::vector<Enemy, std::allocator<Enemy> >::_M_realloc_insert<Enemy>(__gnu_cxx::__normal_iterator<Enemy*, std::vector<Enemy, std::allocator<Enemy> > >, Enemy&&)
 .text._ZNSt6vectorI10ProjectileSaIS0_EE17_M_realloc_insertIJS0_EEEvN9__gnu_cxx17__normal_iteratorIPS0_S2_EEDpOT_
                0x0000000002003d24      0x108 main.o
                0x0000000002003d24                void std::vector<Projectile, std::allocator<Projectile> >::_M_realloc_insert<Projectile>(__gnu_cxx::__normal_iterator<Projectile*, std::vector<Projectile, std::allocator<Projectile> > >, Projectile&&)
 .text.startup  0x0000000002003e2c      0x4f4 main.o
                0x0000000002003e2c                main
 .text.sinLutLookup
                0x0000000002004320       0x4c /opt/devkitpro/libnds/lib/libnds9.a(trig.o)
                0x0000000002004320                sinLutLookup
 .text.sinLerp  0x000000000200436c       0x40 /opt/devkitpro/libnds/lib/libnds9.a(trig.o)
                0x000000000200436c                sinLerp
 .text.cosLerp  0x00000000020043ac       0x4c /opt/devkitpro/libnds/lib/libnds9.a(trig.o)
                0x00000000020043ac                cosLerp
 .text.tanLerp  0x00000000020043f8       0xb0 /opt/devkitpro/libnds/lib/libnds9.a(trig.o)
                0x00000000020043f8                tanLerp
 .text.touchRead
                0x00000000020044a8       0x24 /opt/devkitpro/libnds/lib/libnds9.a(touch.o)
                0x00000000020044a8                touchRead
 .text.newRow   0x00000000020044cc       0xa8 /opt/devkitpro/libnds/lib/libnds9.a(console.o)
 .text.consolePrintChar
                0x0000000002004574       0xe0 /opt/devkitpro/libnds/lib/libnds9.a(console.o)
                0x0000000002004574                consolePrintChar
 .text.con_write
                0x0000000002004654      0x36c /opt/devkitpro/libnds/lib/libnds9.a(console.o)
                0x0000000002004654                con_write
 .text.consoleLoadFont
                0x00000000020049c0      0x2a0 /opt/devkitpro/libnds/lib/libnds9.a(console.o)
                0x00000000020049c0                consoleLoadFont
 .text.consoleInit
                0x0000000002004c60      0x18c /opt/devkitpro/libnds/lib/libnds9.a(console.o)
                0x0000000002004c60                consoleInit
 .text.consoleDemoInit
                0x0000000002004dec       0x40 /opt/devkitpro/libnds/lib/libnds9.a(console.o)
                0x0000000002004dec                consoleDemoInit
 .text.consoleClear
                0x0000000002004e2c       0x10 /opt/devkitpro/libnds/lib/libnds9.a(console.o)
                0x0000000002004e2c                consoleClear
 .text.vramBlock__deallocateBlock.part.0
                0x0000000002004e3c      0x190 /opt/devkitpro/libnds/lib/libnds9.a(videoGL.o)
 .text.glMaterialf
                0x0000000002004fcc       0x7c /opt/devkitpro/libnds/lib/libnds9.a(videoGL.o)
                0x0000000002004fcc                glMaterialf
 .text.vramBlock_init
                0x0000000002005048       0x5c /opt/devkitpro/libnds/lib/libnds9.a(videoGL.o)
                0x0000000002005048                vramBlock_init
 .text.vramBlock__allocateBlock
                0x00000000020050a4      0x178 /opt/devkitpro/libnds/lib/libnds9.a(videoGL.o)
                0x00000000020050a4                vramBlock__allocateBlock
 .text.vramBlock_examineSpecial
                0x000000000200521c      0x238 /opt/devkitpro/libnds/lib/libnds9.a(videoGL.o)
                0x000000000200521c                vramBlock_examineSpecial
 .text.vramBlock_allocateSpecial
                0x0000000002005454       0x6c /opt/devkitpro/libnds/lib/libnds9.a(videoGL.o)
                0x0000000002005454                vramBlock_allocateSpecial
 .text.vramBlock_allocateBlock
                0x00000000020054c0       0x30 /opt/devkitpro/libnds/lib/libnds9.a(videoGL.o)
                0x00000000020054c0                vramBlock_allocateBlock
 .text.vramBlock_deallocateBlock
                0x00000000020054f0       0x48 /opt/devkitpro/libnds/lib/libnds9.a(videoGL.o)
                0x00000000020054f0                vramBlock_deallocateBlock
 .text.removePaletteFromTexture.part.0
                0x0000000002005538       0x68 /opt/devkitpro/libnds/lib/libnds9.a(videoGL.o)
 .text.glInit_C
                0x00000000020055a0      0x1cc /opt/devkitpro/libnds/lib/libnds9.a(videoGL.o)
                0x00000000020055a0                glInit_C
 .text.glGenTextures
                0x000000000200576c       0x80 /opt/devkitpro/libnds/lib/libnds9.a(videoGL.o)
                0x000000000200576c                glGenTextures
 .text.vramGetBank
                0x00000000020057ec       0xb8 /opt/devkitpro/libnds/lib/libnds9.a(videoGL.o)
                0x00000000020057ec                vramGetBank
 .text.glBindTexture
                0x00000000020058a4       0x60 /opt/devkitpro/libnds/lib/libnds9.a(videoGL.o)
                0x00000000020058a4                glBindTexture
 .text.glColorTableEXT
                0x0000000002005904      0x1d8 /opt/devkitpro/libnds/lib/libnds9.a(videoGL.o)
                0x0000000002005904                glColorTableEXT
 .text.glTexImage2D
                0x0000000002005adc      0x40c /opt/devkitpro/libnds/lib/libnds9.a(videoGL.o)
                0x0000000002005adc                glTexImage2D
 .text.scanKeys
                0x0000000002005ee8       0x8c /opt/devkitpro/libnds/lib/libnds9.a(keys.o)
                0x0000000002005ee8                scanKeys
 .text.keysDown
                0x0000000002005f74       0x14 /opt/devkitpro/libnds/lib/libnds9.a(keys.o)
                0x0000000002005f74                keysDown
 .text.__syscall_exit
                0x0000000002005f88        0x8 /opt/devkitpro/libnds/lib/libnds9.a(initSystem.o)
                0x0000000002005f88                __syscall_exit
 .text.initSystem
                0x0000000002005f90      0x180 /opt/devkitpro/libnds/lib/libnds9.a(initSystem.o)
                0x0000000002005f90                initSystem
 .text.irqDummy
                0x0000000002006110        0x4 /opt/devkitpro/libnds/lib/libnds9.a(interrupts.o)
                0x0000000002006110                irqDummy
 .text.irqSet   0x0000000002006114       0x6c /opt/devkitpro/libnds/lib/libnds9.a(interrupts.o)
                0x0000000002006114                irqSet
 .text.irqInit  0x0000000002006180       0x50 /opt/devkitpro/libnds/lib/libnds9.a(interrupts.o)
                0x0000000002006180                irqInit
 .text.irqEnable
                0x00000000020061d0       0x64 /opt/devkitpro/libnds/lib/libnds9.a(interrupts.o)
                0x00000000020061d0                irqEnable
 .text.systemErrorExit
                0x0000000002006234        0x4 /opt/devkitpro/libnds/lib/libnds9.a(libnds_exit.arm.o)
                0x0000000002006234                systemErrorExit
 .text.__libnds_exit
                0x0000000002006238       0x5c /opt/devkitpro/libnds/lib/libnds9.a(libnds_exit.arm.o)
                0x0000000002006238                __libnds_exit
 .text.fifo_queueBlock
                0x0000000002006294       0x44 /opt/devkitpro/libnds/lib/libnds9.a(fifosystem.o)
 .text.fifo_waitBlock
                0x00000000020062d8       0x80 /opt/devkitpro/libnds/lib/libnds9.a(fifosystem.o)
 .text.fifoInternalSend.part.0
                0x0000000002006358       0xd4 /opt/devkitpro/libnds/lib/libnds9.a(fifosystem.o)
 .text.fifoInternalSendInterrupt
                0x000000000200642c       0xb0 /opt/devkitpro/libnds/lib/libnds9.a(fifosystem.o)
 .text.fifoSetValue32Handler
                0x00000000020064dc       0xd4 /opt/devkitpro/libnds/lib/libnds9.a(fifosystem.o)
                0x00000000020064dc                fifoSetValue32Handler
 .text.fifoSendValue32
                0x00000000020065b0       0x4c /opt/devkitpro/libnds/lib/libnds9.a(fifosystem.o)
                0x00000000020065b0                fifoSendValue32
 .text.fifoGetDatamsg
                0x00000000020065fc       0xf4 /opt/devkitpro/libnds/lib/libnds9.a(fifosystem.o)
                0x00000000020065fc                fifoGetDatamsg
 .text.fifoInternalRecvInterrupt
                0x00000000020066f0      0x37c /opt/devkitpro/libnds/lib/libnds9.a(fifosystem.o)
 .text.fifoSetDatamsgHandler
                0x0000000002006a6c       0x9c /opt/devkitpro/libnds/lib/libnds9.a(fifosystem.o)
                0x0000000002006a6c                fifoSetDatamsgHandler
 .text.fifoInit
                0x0000000002006b08      0x108 /opt/devkitpro/libnds/lib/libnds9.a(fifosystem.o)
                0x0000000002006b08                fifoInit
 .text.__libnds_mpu_setup
                0x0000000002006c10      0x174 /opt/devkitpro/libnds/lib/libnds9.a(mpu_setup.o)
                0x0000000002006c10                __libnds_mpu_setup
 .text.memUncached
                0x0000000002006d84       0x20 /opt/devkitpro/libnds/lib/libnds9.a(mpu_setup.o)
                0x0000000002006d84                memUncached
 .text.swiWaitForVBlank
                0x0000000002006da4        0x8 /opt/devkitpro/libnds/lib/libnds9.a(IntrWait.o)
                0x0000000002006da4                swiWaitForVBlank
 .text.swiIntrWait
                0x0000000002006dac       0x70 /opt/devkitpro/libnds/lib/libnds9.a(IntrWait.o)
                0x0000000002006dac                swiIntrWait
 .text.setCpuClock
                0x0000000002006e1c       0x50 /opt/devkitpro/libnds/lib/libnds9.a(cpu_clock.o)
                0x0000000002006e1c                setCpuClock
 .text.swiDelay
                0x0000000002006e6c        0x4 /opt/devkitpro/libnds/lib/libnds9.a(biosCalls.o)
                0x0000000002006e6c                swiDelay
 .text.swiCopy  0x0000000002006e70        0x4 /opt/devkitpro/libnds/lib/libnds9.a(biosCalls.o)
                0x0000000002006e70                swiCopy
 .text.swiSoftReset
                0x0000000002006e74       0x2c /opt/devkitpro/libnds/lib/libnds9.a(swiSoftReset.o)
                0x0000000002006e74                swiSoftReset
 .text.checkIfText
                0x0000000002006ea0       0x5c /opt/devkitpro/libnds/lib/libnds9.a(background.o)
                0x0000000002006ea0                checkIfText
 .text.bgUpdate
                0x0000000002006efc       0xf4 /opt/devkitpro/libnds/lib/libnds9.a(background.o)
                0x0000000002006efc                bgUpdate
 .text.bgInit_call
                0x0000000002006ff0       0xc4 /opt/devkitpro/libnds/lib/libnds9.a(background.o)
                0x0000000002006ff0                bgInit_call
 .text.bgInitSub_call
                0x00000000020070b4       0xcc /opt/devkitpro/libnds/lib/libnds9.a(background.o)
                0x00000000020070b4                bgInitSub_call
 .text.DynamicArrayInit
                0x0000000002007180       0x18 /opt/devkitpro/libnds/lib/libnds9.a(dynamicArray.o)
                0x0000000002007180                DynamicArrayInit
 .text.DynamicArrayGet
                0x0000000002007198       0x18 /opt/devkitpro/libnds/lib/libnds9.a(dynamicArray.o)
                0x0000000002007198                DynamicArrayGet
 .text.DynamicArraySet
                0x00000000020071b0       0x48 /opt/devkitpro/libnds/lib/libnds9.a(dynamicArray.o)
                0x00000000020071b0                DynamicArraySet
 .text.vramRestorePrimaryBanks
                0x00000000020071f8        0xc /opt/devkitpro/libnds/lib/libnds9.a(video.o)
                0x00000000020071f8                vramRestorePrimaryBanks
 .text.vramRestoreBanks_EFG
                0x0000000002007204        0xc /opt/devkitpro/libnds/lib/libnds9.a(video.o)
                0x0000000002007204                vramRestoreBanks_EFG
 .text.vramDefault
                0x0000000002007210       0xd0 /opt/devkitpro/libnds/lib/libnds9.a(video.o)
                0x0000000002007210                vramDefault
 .text.systemValueHandler
                0x00000000020072e0       0x48 /opt/devkitpro/libnds/lib/libnds9.a(system.o)
                0x00000000020072e0                systemValueHandler
 .text.systemMsgHandler
                0x0000000002007328       0x60 /opt/devkitpro/libnds/lib/libnds9.a(system.o)
                0x0000000002007328                systemMsgHandler
 .text.powerOn  0x0000000002007388       0x2c /opt/devkitpro/libnds/lib/libnds9.a(system.o)
                0x0000000002007388                powerOn
 .text._ZdlPvj  0x00000000020073b4        0xc /opt/devkitpro/devkitARM/bin/../lib/gcc/arm-none-eabi/12.2.0/../../../../arm-none-eabi/lib/thumb/libstdc++.a(del_ops.o)
                0x00000000020073b4                operator delete(void*, unsigned int)
 .text._Znwj    0x00000000020073c0       0x48 /opt/devkitpro/devkitARM/bin/../lib/gcc/arm-none-eabi/12.2.0/../../../../arm-none-eabi/lib/thumb/libstdc++.a(new_op.o)
                0x00000000020073c0                operator new(unsigned int)
 .text.unlikely._ZSt19__throw_logic_errorPKc
                0x0000000002007408       0x30 /opt/devkitpro/devkitARM/bin/../lib/gcc/arm-none-eabi/12.2.0/../../../../arm-none-eabi/lib/thumb/libstdc++.a(functexcept.o)
                0x0000000002007408                std::__throw_logic_error(char const*)
 .text.unlikely._ZSt20__throw_length_errorPKc
                0x0000000002007438       0x30 /opt/devkitpro/devkitARM/bin/../lib/gcc/arm-none-eabi/12.2.0/../../../../arm-none-eabi/lib/thumb/libstdc++.a(functexcept.o)
                0x0000000002007438                std::__throw_length_error(char const*)
 .text._ZNKSt9bad_alloc4whatEv
                0x0000000002007468        0x8 /opt/devkitpro/devkitARM/bin/../lib/gcc/arm-none-eabi/12.2.0/../../../../arm-none-eabi/lib/thumb/libstdc++.a(bad_alloc.o)
                0x0000000002007468                std::bad_alloc::what() const
 .text._ZNSt9bad_allocD2Ev
                0x0000000002007470       0x18 /opt/devkitpro/devkitARM/bin/../lib/gcc/arm-none-eabi/12.2.0/../../../../arm-none-eabi/lib/thumb/libstdc++.a(bad_alloc.o)
                0x0000000002007470                std::bad_alloc::~bad_alloc()
                0x0000000002007470                std::bad_alloc::~bad_alloc()
 .text._ZNSt9bad_allocD0Ev
                0x0000000002007488       0x20 /opt/devkitpro/devkitARM/bin/../lib/gcc/arm-none-eabi/12.2.0/../../../../arm-none-eabi/lib/thumb/libstdc++.a(bad_alloc.o)
                0x0000000002007488                std::bad_alloc::~bad_alloc()
 .text._ZdlPv   0x00000000020074a8        0xc /opt/devkitpro/devkitARM/bin/../lib/gcc/arm-none-eabi/12.2.0/../../../../arm-none-eabi/lib/thumb/libstdc++.a(del_op.o)
                0x00000000020074a8                operator delete(void*)
 .text._ZN12_GLOBAL__N_14pool4freeEPv.constprop.0
                0x00000000020074b4       0x70 /opt/devkitpro/devkitARM/bin/../lib/gcc/arm-none-eabi/12.2.0/../../../../arm-none-eabi/lib/thumb/libstdc++.a(eh_alloc.o)
 .text._ZN12_GLOBAL__N_14pool8allocateEj.constprop.0
                0x0000000002007524       0x54 /opt/devkitpro/devkitARM/bin/../lib/gcc/arm-none-eabi/12.2.0/../../../../arm-none-eabi/lib/thumb/libstdc++.a(eh_alloc.o)
 .text.__cxa_allocate_exception
                0x0000000002007578       0x30 /opt/devkitpro/devkitARM/bin/../lib/gcc/arm-none-eabi/12.2.0/../../../../arm-none-eabi/lib/thumb/libstdc++.a(eh_alloc.o)
                0x0000000002007578                __cxa_allocate_exception
 .text.__cxa_free_exception
                0x00000000020075a8       0x28 /opt/devkitpro/devkitARM/bin/../lib/gcc/arm-none-eabi/12.2.0/../../../../arm-none-eabi/lib/thumb/libstdc++.a(eh_alloc.o)
                0x00000000020075a8                __cxa_free_exception
 .text.startup._GLOBAL__sub_I__ZN9__gnu_cxx9__freeresEv
                0x00000000020075d0       0x2c /opt/devkitpro/devkitARM/bin/../lib/gcc/arm-none-eabi/12.2.0/../../../../arm-none-eabi/lib/thumb/libstdc++.a(eh_alloc.o)
 .text.__cxa_end_cleanup
                0x00000000020075fc        0xc /opt/devkitpro/devkitARM/bin/../lib/gcc/arm-none-eabi/12.2.0/../../../../arm-none-eabi/lib/thumb/libstdc++.a(eh_arm.o)
                0x00000000020075fc                __cxa_end_cleanup
 .text.__cxa_type_match
                0x0000000002007608       0xc8 /opt/devkitpro/devkitARM/bin/../lib/gcc/arm-none-eabi/12.2.0/../../../../arm-none-eabi/lib/thumb/libstdc++.a(eh_arm.o)
                0x0000000002007608                __cxa_type_match
 .text.__cxa_begin_cleanup
                0x00000000020076d0       0x64 /opt/devkitpro/devkitARM/bin/../lib/gcc/arm-none-eabi/12.2.0/../../../../arm-none-eabi/lib/thumb/libstdc++.a(eh_arm.o)
                0x00000000020076d0                __cxa_begin_cleanup
 .text.__gnu_end_cleanup
                0x0000000002007734       0x74 /opt/devkitpro/devkitARM/bin/../lib/gcc/arm-none-eabi/12.2.0/../../../../arm-none-eabi/lib/thumb/libstdc++.a(eh_arm.o)
                0x0000000002007734                __gnu_end_cleanup
 .text._ZNSt9exceptionD2Ev
                0x00000000020077a8        0x4 /opt/devkitpro/devkitARM/bin/../lib/gcc/arm-none-eabi/12.2.0/../../../../arm-none-eabi/lib/thumb/libstdc++.a(eh_exception.o)
                0x00000000020077a8                std::exception::~exception()
                0x00000000020077a8                std::exception::~exception()
 .text._ZNSt13bad_exceptionD2Ev
                0x00000000020077ac        0x4 /opt/devkitpro/devkitARM/bin/../lib/gcc/arm-none-eabi/12.2.0/../../../../arm-none-eabi/lib/thumb/libstdc++.a(eh_exception.o)
                0x00000000020077ac                std::bad_exception::~bad_exception()
                0x00000000020077ac                std::bad_exception::~bad_exception()
 .text._ZNKSt13bad_exception4whatEv
                0x00000000020077b0        0x8 /opt/devkitpro/devkitARM/bin/../lib/gcc/arm-none-eabi/12.2.0/../../../../arm-none-eabi/lib/thumb/libstdc++.a(eh_exception.o)
                0x00000000020077b0                transaction clone for std::bad_exception::what() const
                0x00000000020077b0                std::bad_exception::what() const
 .text._ZNSt13bad_exceptionD0Ev
                0x00000000020077b8       0x14 /opt/devkitpro/devkitARM/bin/../lib/gcc/arm-none-eabi/12.2.0/../../../../arm-none-eabi/lib/thumb/libstdc++.a(eh_exception.o)
                0x00000000020077b8                std::bad_exception::~bad_exception()
 .text.__cxa_get_globals_fast
                0x00000000020077cc        0x8 /opt/devkitpro/devkitARM/bin/../lib/gcc/arm-none-eabi/12.2.0/../../../../arm-none-eabi/lib/thumb/libstdc++.a(eh_globals.o)
                0x00000000020077cc                __cxa_get_globals_fast
 .text.__cxa_get_globals
                0x00000000020077d4        0x8 /opt/devkitpro/devkitARM/bin/../lib/gcc/arm-none-eabi/12.2.0/../../../../arm-none-eabi/lib/thumb/libstdc++.a(eh_globals.o)
                0x00000000020077d4                __cxa_get_globals
 .text._ZL28read_encoded_value_with_basehjPKhPj
                0x00000000020077dc      0x104 /opt/devkitpro/devkitARM/bin/../lib/gcc/arm-none-eabi/12.2.0/../../../../arm-none-eabi/lib/thumb/libstdc++.a(eh_personality.o)
 .text._ZL21base_of_encoded_valuehP15_Unwind_Context
                0x00000000020078e0       0x44 /opt/devkitpro/devkitARM/bin/../lib/gcc/arm-none-eabi/12.2.0/../../../../arm-none-eabi/lib/thumb/libstdc++.a(eh_personality.o)
 .text._ZL17parse_lsda_headerP15_Unwind_ContextPKhP16lsda_header_info
                0x0000000002007924       0x94 /opt/devkitpro/devkitARM/bin/../lib/gcc/arm-none-eabi/12.2.0/../../../../arm-none-eabi/lib/thumb/libstdc++.a(eh_personality.o)
 .text.__gxx_personality_v0
                0x00000000020079b8      0x49c /opt/devkitpro/devkitARM/bin/../lib/gcc/arm-none-eabi/12.2.0/../../../../arm-none-eabi/lib/thumb/libstdc++.a(eh_personality.o)
                0x00000000020079b8                __gxx_personality_v0
 .text._ZN10__cxxabiv111__terminateEPFvvE
                0x0000000002007e54       0x14 /opt/devkitpro/devkitARM/bin/../lib/gcc/arm-none-eabi/12.2.0/../../../../arm-none-eabi/lib/thumb/libstdc++.a(eh_terminate.o)
                0x0000000002007e54                __cxxabiv1::__terminate(void (*)())
 .text._ZSt9terminatev
                0x0000000002007e68       0x10 /opt/devkitpro/devkitARM/bin/../lib/gcc/arm-none-eabi/12.2.0/../../../../arm-none-eabi/lib/thumb/libstdc++.a(eh_terminate.o)
                0x0000000002007e68                std::terminate()
 .text._ZN10__cxxabiv112__unexpectedEPFvvE
                0x0000000002007e78        0xc /opt/devkitpro/devkitARM/bin/../lib/gcc/arm-none-eabi/12.2.0/../../../../arm-none-eabi/lib/thumb/libstdc++.a(eh_terminate.o)
                0x0000000002007e78                __cxxabiv1::__unexpected(void (*)())
 .text._ZSt10unexpectedv
                0x0000000002007e84       0x10 /opt/devkitpro/devkitARM/bin/../lib/gcc/arm-none-eabi/12.2.0/../../../../arm-none-eabi/lib/thumb/libstdc++.a(eh_terminate.o)
                0x0000000002007e84                std::unexpected()
 .text._ZSt13get_terminatev
                0x0000000002007e94        0xc /opt/devkitpro/devkitARM/bin/../lib/gcc/arm-none-eabi/12.2.0/../../../../arm-none-eabi/lib/thumb/libstdc++.a(eh_terminate.o)
                0x0000000002007e94                std::get_terminate()
 .text._ZSt14get_unexpectedv
                0x0000000002007ea0        0xc /opt/devkitpro/devkitARM/bin/../lib/gcc/arm-none-eabi/12.2.0/../../../../arm-none-eabi/lib/thumb/libstdc++.a(eh_terminate.o)
                0x0000000002007ea0                std::get_unexpected()
 .text._ZL23__gxx_exception_cleanup19_Unwind_Reason_CodeP21_Unwind_Control_Block
                0x0000000002007eac       0x3c /opt/devkitpro/devkitARM/bin/../lib/gcc/arm-none-eabi/12.2.0/../../../../arm-none-eabi/lib/thumb/libstdc++.a(eh_throw.o)
 .text.__cxa_init_primary_exception
                0x0000000002007ee8       0x50 /opt/devkitpro/devkitARM/bin/../lib/gcc/arm-none-eabi/12.2.0/../../../../arm-none-eabi/lib/thumb/libstdc++.a(eh_throw.o)
                0x0000000002007ee8                __cxa_init_primary_exception
 .text.__cxa_throw
                0x0000000002007f38       0x34 /opt/devkitpro/devkitARM/bin/../lib/gcc/arm-none-eabi/12.2.0/../../../../arm-none-eabi/lib/thumb/libstdc++.a(eh_throw.o)
                0x0000000002007f38                __cxa_throw
 .text.__cxa_rethrow
                0x0000000002007f6c       0x70 /opt/devkitpro/devkitARM/bin/../lib/gcc/arm-none-eabi/12.2.0/../../../../arm-none-eabi/lib/thumb/libstdc++.a(eh_throw.o)
                0x0000000002007f6c                __cxa_rethrow
 .text._ZSt15get_new_handlerv
                0x0000000002007fdc        0xc /opt/devkitpro/devkitARM/bin/../lib/gcc/arm-none-eabi/12.2.0/../../../../arm-none-eabi/lib/thumb/libstdc++.a(new_handler.o)
                0x0000000002007fdc                std::get_new_handler()
 .text._ZN10__cxxabiv120__si_class_type_infoD2Ev
                0x0000000002007fe8       0x18 /opt/devkitpro/devkitARM/bin/../lib/gcc/arm-none-eabi/12.2.0/../../../../arm-none-eabi/lib/thumb/libstdc++.a(si_class_type_info.o)
                0x0000000002007fe8                __cxxabiv1::__si_class_type_info::~__si_class_type_info()
                0x0000000002007fe8                __cxxabiv1::__si_class_type_info::~__si_class_type_info()
 .text._ZN10__cxxabiv120__si_class_type_infoD0Ev
                0x0000000002008000       0x20 /opt/devkitpro/devkitARM/bin/../lib/gcc/arm-none-eabi/12.2.0/../../../../arm-none-eabi/lib/thumb/libstdc++.a(si_class_type_info.o)
                0x0000000002008000                __cxxabiv1::__si_class_type_info::~__si_class_type_info()
 .text._ZNK10__cxxabiv120__si_class_type_info20__do_find_public_srcEiPKvPKNS_17__class_type_infoES2_
                0x0000000002008020       0x40 /opt/devkitpro/devkitARM/bin/../lib/gcc/arm-none-eabi/12.2.0/../../../../arm-none-eabi/lib/thumb/libstdc++.a(si_class_type_info.o)
                0x0000000002008020                __cxxabiv1::__si_class_type_info::__do_find_public_src(int, void const*, __cxxabiv1::__class_type_info const*, void const*) const
 .text._ZNK10__cxxabiv120__si_class_type_info12__do_dyncastEiNS_17__class_type_info10__sub_kindEPKS1_PKvS4_S6_RNS1_16__dyncast_resultE
                0x0000000002008060       0x90 /opt/devkitpro/devkitARM/bin/../lib/gcc/arm-none-eabi/12.2.0/../../../../arm-none-eabi/lib/thumb/libstdc++.a(si_class_type_info.o)
                0x0000000002008060                __cxxabiv1::__si_class_type_info::__do_dyncast(int, __cxxabiv1::__class_type_info::__sub_kind, __cxxabiv1::__class_type_info const*, void const*, __cxxabiv1::__class_type_info const*, void const*, __cxxabiv1::__class_type_info::__dyncast_result&) const
 .text._ZNK10__cxxabiv120__si_class_type_info11__do_upcastEPKNS_17__class_type_infoEPKvRNS1_15__upcast_resultE
                0x00000000020080f0       0x2c /opt/devkitpro/devkitARM/bin/../lib/gcc/arm-none-eabi/12.2.0/../../../../arm-none-eabi/lib/thumb/libstdc++.a(si_class_type_info.o)
                0x00000000020080f0                __cxxabiv1::__si_class_type_info::__do_upcast(__cxxabiv1::__class_type_info const*, void const*, __cxxabiv1::__class_type_info::__upcast_result&) const
 .text._ZNSt9type_infoD2Ev
                0x000000000200811c        0x4 /opt/devkitpro/devkitARM/bin/../lib/gcc/arm-none-eabi/12.2.0/../../../../arm-none-eabi/lib/thumb/libstdc++.a(tinfo.o)
                0x000000000200811c                std::type_info::~type_info()
                0x000000000200811c                std::type_info::~type_info()
 .text._ZNKSt9type_info14__is_pointer_pEv
                0x0000000002008120        0x4 /opt/devkitpro/devkitARM/bin/../lib/gcc/arm-none-eabi/12.2.0/../../../../arm-none-eabi/lib/thumb/libstdc++.a(tinfo.o)
                0x0000000002008120                std::type_info::__is_function_p() const
                0x0000000002008120                std::type_info::__is_pointer_p() const
 .text._ZNKSt9type_infoeqERKS_
                0x0000000002008124       0x30 /opt/devkitpro/devkitARM/bin/../lib/gcc/arm-none-eabi/12.2.0/../../../../arm-none-eabi/lib/thumb/libstdc++.a(tinfo.o)
                0x0000000002008124                std::type_info::__equal(std::type_info const&) const
                0x0000000002008124                std::type_info::operator==(std::type_info const&) const
 .text._ZNKSt11logic_error4whatEv
                0x0000000002008154        0x4 /opt/devkitpro/devkitARM/bin/../lib/gcc/arm-none-eabi/12.2.0/../../../../arm-none-eabi/lib/thumb/libstdc++.a(stdexcept.o)
                0x0000000002008154                std::runtime_error::what() const
                0x0000000002008154                std::logic_error::what() const
 .text._ZNSt11logic_errorD2Ev
                0x0000000002008158       0x44 /opt/devkitpro/devkitARM/bin/../lib/gcc/arm-none-eabi/12.2.0/../../../../arm-none-eabi/lib/thumb/libstdc++.a(stdexcept.o)
                0x0000000002008158                std::logic_error::~logic_error()
                0x0000000002008158                std::logic_error::~logic_error()
 .text._ZNSt12length_errorD2Ev
                0x000000000200819c       0x44 /opt/devkitpro/devkitARM/bin/../lib/gcc/arm-none-eabi/12.2.0/../../../../arm-none-eabi/lib/thumb/libstdc++.a(stdexcept.o)
                0x000000000200819c                std::length_error::~length_error()
                0x000000000200819c                std::length_error::~length_error()
 .text._ZNSt11logic_errorD0Ev
                0x00000000020081e0       0x48 /opt/devkitpro/devkitARM/bin/../lib/gcc/arm-none-eabi/12.2.0/../../../../arm-none-eabi/lib/thumb/libstdc++.a(stdexcept.o)
                0x00000000020081e0                std::logic_error::~logic_error()
 .text._ZNSt12length_errorD0Ev
                0x0000000002008228       0x48 /opt/devkitpro/devkitARM/bin/../lib/gcc/arm-none-eabi/12.2.0/../../../../arm-none-eabi/lib/thumb/libstdc++.a(stdexcept.o)
                0x0000000002008228                std::length_error::~length_error()
 .text._ZNSt11logic_errorC2EPKc
                0x0000000002008270       0x8c /opt/devkitpro/devkitARM/bin/../lib/gcc/arm-none-eabi/12.2.0/../../../../arm-none-eabi/lib/thumb/libstdc++.a(cow-stdexcept.o)
                0x0000000002008270                std::logic_error::logic_error(char const*)
                0x0000000002008270                std::logic_error::logic_error(char const*)
 .text._ZNSt12length_errorC2EPKc
                0x00000000020082fc       0x18 /opt/devkitpro/devkitARM/bin/../lib/gcc/arm-none-eabi/12.2.0/../../../../arm-none-eabi/lib/thumb/libstdc++.a(cow-stdexcept.o)
                0x00000000020082fc                std::length_error::length_error(char const*)
                0x00000000020082fc                std::length_error::length_error(char const*)
 .text._ZNSs4_Rep9_S_createEjjRKSaIcE
                0x0000000002008314       0x5c /opt/devkitpro/devkitARM/bin/../lib/gcc/arm-none-eabi/12.2.0/../../../../arm-none-eabi/lib/thumb/libstdc++.a(cow-string-inst.o)
                0x0000000002008314                std::string::_Rep::_S_create(unsigned int, unsigned int, std::allocator<char> const&)
 .text._ZNSs4_Rep10_M_destroyERKSaIcE
                0x0000000002008370        0xc /opt/devkitpro/devkitARM/bin/../lib/gcc/arm-none-eabi/12.2.0/../../../../arm-none-eabi/lib/thumb/libstdc++.a(cow-string-inst.o)
                0x0000000002008370                std::string::_Rep::_M_destroy(std::allocator<char> const&)
 .text._ZNK10__cxxabiv117__class_type_info11__do_upcastEPKS0_PPv
                0x000000000200837c       0x3c /opt/devkitpro/devkitARM/bin/../lib/gcc/arm-none-eabi/12.2.0/../../../../arm-none-eabi/lib/thumb/libstdc++.a(class_type_info.o)
                0x000000000200837c                __cxxabiv1::__class_type_info::__do_upcast(__cxxabiv1::__class_type_info const*, void**) const
 .text._ZNK10__cxxabiv117__class_type_info20__do_find_public_srcEiPKvPKS0_S2_
                0x00000000020083b8       0x14 /opt/devkitpro/devkitARM/bin/../lib/gcc/arm-none-eabi/12.2.0/../../../../arm-none-eabi/lib/thumb/libstdc++.a(class_type_info.o)
                0x00000000020083b8                __cxxabiv1::__class_type_info::__do_find_public_src(int, void const*, __cxxabiv1::__class_type_info const*, void const*) const
 .text._ZN10__cxxabiv117__class_type_infoD2Ev
                0x00000000020083cc       0x18 /opt/devkitpro/devkitARM/bin/../lib/gcc/arm-none-eabi/12.2.0/../../../../arm-none-eabi/lib/thumb/libstdc++.a(class_type_info.o)
                0x00000000020083cc                __cxxabiv1::__class_type_info::~__class_type_info()
                0x00000000020083cc                __cxxabiv1::__class_type_info::~__class_type_info()
 .text._ZN10__cxxabiv117__class_type_infoD0Ev
                0x00000000020083e4       0x20 /opt/devkitpro/devkitARM/bin/../lib/gcc/arm-none-eabi/12.2.0/../../../../arm-none-eabi/lib/thumb/libstdc++.a(class_type_info.o)
                0x00000000020083e4                __cxxabiv1::__class_type_info::~__class_type_info()
 .text._ZNK10__cxxabiv117__class_type_info12__do_dyncastEiNS0_10__sub_kindEPKS0_PKvS3_S5_RNS0_16__dyncast_resultE
                0x0000000002008404       0x44 /opt/devkitpro/devkitARM/bin/../lib/gcc/arm-none-eabi/12.2.0/../../../../arm-none-eabi/lib/thumb/libstdc++.a(class_type_info.o)
                0x0000000002008404                __cxxabiv1::__class_type_info::__do_dyncast(int, __cxxabiv1::__class_type_info::__sub_kind, __cxxabiv1::__class_type_info const*, void const*, __cxxabiv1::__class_type_info const*, void const*, __cxxabiv1::__class_type_info::__dyncast_result&) const
 .text._ZNK10__cxxabiv117__class_type_info11__do_upcastEPKS0_PKvRNS0_15__upcast_resultE
                0x0000000002008448       0x20 /opt/devkitpro/devkitARM/bin/../lib/gcc/arm-none-eabi/12.2.0/../../../../arm-none-eabi/lib/thumb/libstdc++.a(class_type_info.o)
                0x0000000002008448                __cxxabiv1::__class_type_info::__do_upcast(__cxxabiv1::__class_type_info const*, void const*, __cxxabiv1::__class_type_info::__upcast_result&) const
 .text._ZNK10__cxxabiv117__class_type_info10__do_catchEPKSt9type_infoPPvj
                0x0000000002008468       0x2c /opt/devkitpro/devkitARM/bin/../lib/gcc/arm-none-eabi/12.2.0/../../../../arm-none-eabi/lib/thumb/libstdc++.a(class_type_info.o)
                0x0000000002008468                __cxxabiv1::__class_type_info::__do_catch(std::type_info const*, void**, unsigned int) const
 .text._ZN10__cxxabiv1L24__is_gxx_exception_classEPc
                0x0000000002008494       0x3c /opt/devkitpro/devkitARM/bin/../lib/gcc/arm-none-eabi/12.2.0/../../../../arm-none-eabi/lib/thumb/libstdc++.a(eh_call.o)
 .text.__cxa_call_terminate
                0x00000000020084d0       0x20 /opt/devkitpro/devkitARM/bin/../lib/gcc/arm-none-eabi/12.2.0/../../../../arm-none-eabi/lib/thumb/libstdc++.a(eh_call.o)
                0x00000000020084d0                __cxa_call_terminate
 .text.unlikely.__cxa_call_unexpected
                0x00000000020084f0       0xf0 /opt/devkitpro/devkitARM/bin/../lib/gcc/arm-none-eabi/12.2.0/../../../../arm-none-eabi/lib/thumb/libstdc++.a(eh_call.o)
                0x00000000020084f0                __cxa_call_unexpected
 .text.__cxa_begin_catch
                0x00000000020085e0       0x78 /opt/devkitpro/devkitARM/bin/../lib/gcc/arm-none-eabi/12.2.0/../../../../arm-none-eabi/lib/thumb/libstdc++.a(eh_catch.o)
                0x00000000020085e0                __cxa_begin_catch
 .text.__cxa_end_catch
                0x0000000002008658       0x94 /opt/devkitpro/devkitARM/bin/../lib/gcc/arm-none-eabi/12.2.0/../../../../arm-none-eabi/lib/thumb/libstdc++.a(eh_catch.o)
                0x0000000002008658                __cxa_end_catch
 .text.sqrt     0x00000000020086ec       0x54 /opt/devkitpro/devkitARM/bin/../lib/gcc/arm-none-eabi/12.2.0/../../../../arm-none-eabi/lib/thumb/libm.a(lib_a-w_sqrt.o)
                0x00000000020086ec                sqrt
 .text.__ieee754_sqrt
                0x0000000002008740      0x23c /opt/devkitpro/devkitARM/bin/../lib/gcc/arm-none-eabi/12.2.0/../../../../arm-none-eabi/lib/thumb/libm.a(lib_a-e_sqrt.o)
                0x0000000002008740                __ieee754_sqrt
 .text.__muldi3
                0x000000000200897c       0x64 /opt/devkitpro/devkitARM/bin/../lib/gcc/arm-none-eabi/12.2.0/thumb/libgcc.a(_muldi3.o)
                0x000000000200897c                __aeabi_lmul
                0x000000000200897c                __muldi3
 .text.selfrel_offset31
                0x00000000020089e0       0x18 /opt/devkitpro/devkitARM/bin/../lib/gcc/arm-none-eabi/12.2.0/thumb/libgcc.a(unwind-arm.o)
 .text.search_EIT_table
                0x00000000020089f8       0x74 /opt/devkitpro/devkitARM/bin/../lib/gcc/arm-none-eabi/12.2.0/thumb/libgcc.a(unwind-arm.o)
 .text.__gnu_unwind_get_pr_addr
                0x0000000002008a6c       0x2c /opt/devkitpro/devkitARM/bin/../lib/gcc/arm-none-eabi/12.2.0/thumb/libgcc.a(unwind-arm.o)
 .text.get_eit_entry
                0x0000000002008a98       0x90 /opt/devkitpro/devkitARM/bin/../lib/gcc/arm-none-eabi/12.2.0/thumb/libgcc.a(unwind-arm.o)
 .text.restore_non_core_regs
                0x0000000002008b28       0x5c /opt/devkitpro/devkitARM/bin/../lib/gcc/arm-none-eabi/12.2.0/thumb/libgcc.a(unwind-arm.o)
 .text._Unwind_decode_typeinfo_ptr.constprop.0
                0x0000000002008b84        0xc /opt/devkitpro/devkitARM/bin/../lib/gcc/arm-none-eabi/12.2.0/thumb/libgcc.a(unwind-arm.o)
 .text._Unwind_DebugHook
                0x0000000002008b90        0x4 /opt/devkitpro/devkitARM/bin/../lib/gcc/arm-none-eabi/12.2.0/thumb/libgcc.a(unwind-arm.o)
 .text.unwind_phase2
                0x0000000002008b94       0x40 /opt/devkitpro/devkitARM/bin/../lib/gcc/arm-none-eabi/12.2.0/thumb/libgcc.a(unwind-arm.o)
 .text.unwind_phase2_forced
                0x0000000002008bd4       0xd8 /opt/devkitpro/devkitARM/bin/../lib/gcc/arm-none-eabi/12.2.0/thumb/libgcc.a(unwind-arm.o)
 .text.__gnu_Unwind_RaiseException
                0x0000000002008cac       0x58 /opt/devkitpro/devkitARM/bin/../lib/gcc/arm-none-eabi/12.2.0/thumb/libgcc.a(unwind-arm.o)
                0x0000000002008cac                __gnu_Unwind_RaiseException
 .text.__gnu_Unwind_ForcedUnwind
                0x0000000002008d04       0x18 /opt/devkitpro/devkitARM/bin/../lib/gcc/arm-none-eabi/12.2.0/thumb/libgcc.a(unwind-arm.o)
                0x0000000002008d04                __gnu_Unwind_ForcedUnwind
 .text.__gnu_Unwind_Resume
                0x0000000002008d1c       0x4c /opt/devkitpro/devkitARM/bin/../lib/gcc/arm-none-eabi/12.2.0/thumb/libgcc.a(unwind-arm.o)
                0x0000000002008d1c                __gnu_Unwind_Resume
 .text.__gnu_Unwind_Resume_or_Rethrow
                0x0000000002008d68       0x20 /opt/devkitpro/devkitARM/bin/../lib/gcc/arm-none-eabi/12.2.0/thumb/libgcc.a(unwind-arm.o)
                0x0000000002008d68                __gnu_Unwind_Resume_or_Rethrow
 .text._Unwind_Complete
                0x0000000002008d88        0x4 /opt/devkitpro/devkitARM/bin/../lib/gcc/arm-none-eabi/12.2.0/thumb/libgcc.a(unwind-arm.o)
                0x0000000002008d88                _Unwind_Complete
 .text._Unwind_DeleteException
                0x0000000002008d8c       0x18 /opt/devkitpro/devkitARM/bin/../lib/gcc/arm-none-eabi/12.2.0/thumb/libgcc.a(unwind-arm.o)
                0x0000000002008d8c                _Unwind_DeleteException
 .text._Unwind_VRS_Get
                0x0000000002008da4       0x38 /opt/devkitpro/devkitARM/bin/../lib/gcc/arm-none-eabi/12.2.0/thumb/libgcc.a(unwind-arm.o)
                0x0000000002008da4                _Unwind_VRS_Get
 .text._Unwind_GetGR
                0x0000000002008ddc       0x1c /opt/devkitpro/devkitARM/bin/../lib/gcc/arm-none-eabi/12.2.0/thumb/libgcc.a(unwind-arm.o)
 .text._Unwind_VRS_Set
                0x0000000002008df8       0x38 /opt/devkitpro/devkitARM/bin/../lib/gcc/arm-none-eabi/12.2.0/thumb/libgcc.a(unwind-arm.o)
                0x0000000002008df8                _Unwind_VRS_Set
 .text._Unwind_SetGR
                0x0000000002008e30       0x1c /opt/devkitpro/devkitARM/bin/../lib/gcc/arm-none-eabi/12.2.0/thumb/libgcc.a(unwind-arm.o)
 .text.__gnu_Unwind_Backtrace
                0x0000000002008e4c       0x78 /opt/devkitpro/devkitARM/bin/../lib/gcc/arm-none-eabi/12.2.0/thumb/libgcc.a(unwind-arm.o)
                0x0000000002008e4c                __gnu_Unwind_Backtrace
 .text.__gnu_unwind_pr_common
                0x0000000002008ec4      0x2f0 /opt/devkitpro/devkitARM/bin/../lib/gcc/arm-none-eabi/12.2.0/thumb/libgcc.a(unwind-arm.o)
 .text.__aeabi_unwind_cpp_pr0
                0x00000000020091b4       0x10 /opt/devkitpro/devkitARM/bin/../lib/gcc/arm-none-eabi/12.2.0/thumb/libgcc.a(unwind-arm.o)
                0x00000000020091b4                __aeabi_unwind_cpp_pr0
 .text.__aeabi_unwind_cpp_pr1
                0x00000000020091c4       0x10 /opt/devkitpro/devkitARM/bin/../lib/gcc/arm-none-eabi/12.2.0/thumb/libgcc.a(unwind-arm.o)
                0x00000000020091c4                __aeabi_unwind_cpp_pr1
 .text.__aeabi_unwind_cpp_pr2
                0x00000000020091d4       0x10 /opt/devkitpro/devkitARM/bin/../lib/gcc/arm-none-eabi/12.2.0/thumb/libgcc.a(unwind-arm.o)
                0x00000000020091d4                __aeabi_unwind_cpp_pr2
 .text._Unwind_VRS_Pop
                0x00000000020091e4      0x2bc /opt/devkitpro/devkitARM/bin/../lib/gcc/arm-none-eabi/12.2.0/thumb/libgcc.a(unwind-arm.o)
                0x00000000020091e4                _Unwind_VRS_Pop
 .text.next_unwind_byte
                0x00000000020094a0       0x34 /opt/devkitpro/devkitARM/bin/../lib/gcc/arm-none-eabi/12.2.0/thumb/libgcc.a(pr-support.o)
 .text._Unwind_GetGR.constprop.0
                0x00000000020094d4       0x1c /opt/devkitpro/devkitARM/bin/../lib/gcc/arm-none-eabi/12.2.0/thumb/libgcc.a(pr-support.o)
 .text.unwind_UCB_from_context
                0x00000000020094f0        0xc /opt/devkitpro/devkitARM/bin/../lib/gcc/arm-none-eabi/12.2.0/thumb/libgcc.a(pr-support.o)
 .text.__gnu_unwind_execute
                0x00000000020094fc      0x2d0 /opt/devkitpro/devkitARM/bin/../lib/gcc/arm-none-eabi/12.2.0/thumb/libgcc.a(pr-support.o)
                0x00000000020094fc                __gnu_unwind_execute
 .text.__gnu_unwind_frame
                0x00000000020097cc       0x2c /opt/devkitpro/devkitARM/bin/../lib/gcc/arm-none-eabi/12.2.0/thumb/libgcc.a(pr-support.o)
                0x00000000020097cc                __gnu_unwind_frame
 .text._Unwind_GetRegionStart
                0x00000000020097f8       0x10 /opt/devkitpro/devkitARM/bin/../lib/gcc/arm-none-eabi/12.2.0/thumb/libgcc.a(pr-support.o)
                0x00000000020097f8                _Unwind_GetRegionStart
 .text._Unwind_GetLanguageSpecificData
                0x0000000002009808       0x18 /opt/devkitpro/devkitARM/bin/../lib/gcc/arm-none-eabi/12.2.0/thumb/libgcc.a(pr-support.o)
                0x0000000002009808                _Unwind_GetLanguageSpecificData
 .text.unlikely._Unwind_GetDataRelBase
                0x0000000002009820        0x6 /opt/devkitpro/devkitARM/bin/../lib/gcc/arm-none-eabi/12.2.0/thumb/libgcc.a(pr-support.o)
                0x0000000002009820                _Unwind_GetDataRelBase
 .text.unlikely._Unwind_GetTextRelBase
                0x0000000002009826        0x6 /opt/devkitpro/devkitARM/bin/../lib/gcc/arm-none-eabi/12.2.0/thumb/libgcc.a(pr-support.o)
                0x0000000002009826                _Unwind_GetTextRelBase
 .text.abort    0x000000000200982c       0x10 /opt/devkitpro/devkitARM/bin/../lib/gcc/arm-none-eabi/12.2.0/../../../../arm-none-eabi/lib/thumb/libg.a(lib_a-abort.o)
                0x000000000200982c                abort
 .text.calloc   0x000000000200983c       0x18 /opt/devkitpro/devkitARM/bin/../lib/gcc/arm-none-eabi/12.2.0/../../../../arm-none-eabi/lib/thumb/libg.a(lib_a-calloc.o)
                0x000000000200983c                calloc
 .text._calloc_r
                0x0000000002009854       0xb8 /opt/devkitpro/devkitARM/bin/../lib/gcc/arm-none-eabi/12.2.0/../../../../arm-none-eabi/lib/thumb/libg.a(lib_a-callocr.o)
                0x0000000002009854                _calloc_r
 .text.__errno  0x000000000200990c        0xc /opt/devkitpro/devkitARM/bin/../lib/gcc/arm-none-eabi/12.2.0/../../../../arm-none-eabi/lib/thumb/libg.a(lib_a-errno.o)
                0x000000000200990c                __errno
 .text.__libc_init_array
                0x0000000002009918       0x54 /opt/devkitpro/devkitARM/bin/../lib/gcc/arm-none-eabi/12.2.0/../../../../arm-none-eabi/lib/thumb/libg.a(lib_a-init.o)
                0x0000000002009918                __libc_init_array
 .text.iprintf  0x000000000200996c       0x24 /opt/devkitpro/devkitARM/bin/../lib/gcc/arm-none-eabi/12.2.0/../../../../arm-none-eabi/lib/thumb/libg.a(lib_a-iprintf.o)
                0x000000000200996c                iprintf
 .text.malloc   0x0000000002009990       0x14 /opt/devkitpro/devkitARM/bin/../lib/gcc/arm-none-eabi/12.2.0/../../../../arm-none-eabi/lib/thumb/libg.a(lib_a-malloc.o)
                0x0000000002009990                malloc
 .text.free     0x00000000020099a4       0x14 /opt/devkitpro/devkitARM/bin/../lib/gcc/arm-none-eabi/12.2.0/../../../../arm-none-eabi/lib/thumb/libg.a(lib_a-malloc.o)
                0x00000000020099a4                free
 .text._malloc_r
                0x00000000020099b8      0x560 /opt/devkitpro/devkitARM/bin/../lib/gcc/arm-none-eabi/12.2.0/../../../../arm-none-eabi/lib/thumb/libg.a(lib_a-mallocr.o)
                0x00000000020099b8                _malloc_r
 .text.memchr   0x0000000002009f18       0x78 /opt/devkitpro/devkitARM/bin/../lib/gcc/arm-none-eabi/12.2.0/../../../../arm-none-eabi/lib/thumb/libg.a(lib_a-memchr-stub.o)
                0x0000000002009f18                memchr
 .text.memcpy   0x0000000002009f90       0x94 /opt/devkitpro/devkitARM/bin/../lib/gcc/arm-none-eabi/12.2.0/../../../../arm-none-eabi/lib/thumb/libg.a(lib_a-memcpy-stub.o)
                0x0000000002009f90                memcpy
 .text.memmove  0x000000000200a024       0xc0 /opt/devkitpro/devkitARM/bin/../lib/gcc/arm-none-eabi/12.2.0/../../../../arm-none-eabi/lib/thumb/libg.a(lib_a-memmove.o)
                0x000000000200a024                memmove
 .text.memset   0x000000000200a0e4       0xb0 /opt/devkitpro/devkitARM/bin/../lib/gcc/arm-none-eabi/12.2.0/../../../../arm-none-eabi/lib/thumb/libg.a(lib_a-memset.o)
                0x000000000200a0e4                memset
 .text.__malloc_lock
                0x000000000200a194       0x14 /opt/devkitpro/devkitARM/bin/../lib/gcc/arm-none-eabi/12.2.0/../../../../arm-none-eabi/lib/thumb/libg.a(lib_a-mlock.o)
                0x000000000200a194                __malloc_lock
 .text.__malloc_unlock
                0x000000000200a1a8       0x14 /opt/devkitpro/devkitARM/bin/../lib/gcc/arm-none-eabi/12.2.0/../../../../arm-none-eabi/lib/thumb/libg.a(lib_a-mlock.o)
                0x000000000200a1a8                __malloc_unlock
 .text.realloc  0x000000000200a1bc       0x18 /opt/devkitpro/devkitARM/bin/../lib/gcc/arm-none-eabi/12.2.0/../../../../arm-none-eabi/lib/thumb/libg.a(lib_a-realloc.o)
                0x000000000200a1bc                realloc
 .text._realloc_r
                0x000000000200a1d4      0x384 /opt/devkitpro/devkitARM/bin/../lib/gcc/arm-none-eabi/12.2.0/../../../../arm-none-eabi/lib/thumb/libg.a(lib_a-reallocr.o)
                0x000000000200a1d4                _realloc_r
 .text.setvbuf  0x000000000200a558      0x19c /opt/devkitpro/devkitARM/bin/../lib/gcc/arm-none-eabi/12.2.0/../../../../arm-none-eabi/lib/thumb/libg.a(lib_a-setvbuf.o)
                0x000000000200a558                setvbuf
 .text._raise_r
                0x000000000200a6f4       0x60 /opt/devkitpro/devkitARM/bin/../lib/gcc/arm-none-eabi/12.2.0/../../../../arm-none-eabi/lib/thumb/libg.a(lib_a-signal.o)
                0x000000000200a6f4                _raise_r
 .text.raise    0x000000000200a754       0x14 /opt/devkitpro/devkitARM/bin/../lib/gcc/arm-none-eabi/12.2.0/../../../../arm-none-eabi/lib/thumb/libg.a(lib_a-signal.o)
                0x000000000200a754                raise
 .text.siscanf  0x000000000200a768       0x4c /opt/devkitpro/devkitARM/bin/../lib/gcc/arm-none-eabi/12.2.0/../../../../arm-none-eabi/lib/thumb/libg.a(lib_a-siscanf.o)
                0x000000000200a768                siscanf
 .text.__sread  0x000000000200a7b4       0x34 /opt/devkitpro/devkitARM/bin/../lib/gcc/arm-none-eabi/12.2.0/../../../../arm-none-eabi/lib/thumb/libg.a(lib_a-stdio.o)
                0x000000000200a7b4                __sread
 .text.__seofread
                0x000000000200a7e8        0x4 /opt/devkitpro/devkitARM/bin/../lib/gcc/arm-none-eabi/12.2.0/../../../../arm-none-eabi/lib/thumb/libg.a(lib_a-stdio.o)
                0x000000000200a7e8                __seofread
 .text.__swrite
                0x000000000200a7ec       0x4c /opt/devkitpro/devkitARM/bin/../lib/gcc/arm-none-eabi/12.2.0/../../../../arm-none-eabi/lib/thumb/libg.a(lib_a-stdio.o)
                0x000000000200a7ec                __swrite
 .text.__sseek  0x000000000200a838       0x44 /opt/devkitpro/devkitARM/bin/../lib/gcc/arm-none-eabi/12.2.0/../../../../arm-none-eabi/lib/thumb/libg.a(lib_a-stdio.o)
                0x000000000200a838                __sseek
 .text.__sclose
                0x000000000200a87c       0x10 /opt/devkitpro/devkitARM/bin/../lib/gcc/arm-none-eabi/12.2.0/../../../../arm-none-eabi/lib/thumb/libg.a(lib_a-stdio.o)
                0x000000000200a87c                __sclose
 .text.strlen   0x000000000200a88c       0x60 /opt/devkitpro/devkitARM/bin/../lib/gcc/arm-none-eabi/12.2.0/../../../../arm-none-eabi/lib/thumb/libg.a(lib_a-strlen-stub.o)
                0x000000000200a88c                strlen
 .text._strtoul_l.constprop.0
                0x000000000200a8ec      0x144 /opt/devkitpro/devkitARM/bin/../lib/gcc/arm-none-eabi/12.2.0/../../../../arm-none-eabi/lib/thumb/libg.a(lib_a-strtoul.o)
 .text._strtoul_r
                0x000000000200aa30        0xc /opt/devkitpro/devkitARM/bin/../lib/gcc/arm-none-eabi/12.2.0/../../../../arm-none-eabi/lib/thumb/libg.a(lib_a-strtoul.o)
                0x000000000200aa30                _strtoul_r
 .text.get_arg  0x000000000200aa3c       0x32 /opt/devkitpro/devkitARM/bin/../lib/gcc/arm-none-eabi/12.2.0/../../../../arm-none-eabi/lib/thumb/libg.a(lib_a-svfiscanf.o)
 .text._sungetc_r
                0x000000000200aa6e       0x7e /opt/devkitpro/devkitARM/bin/../lib/gcc/arm-none-eabi/12.2.0/../../../../arm-none-eabi/lib/thumb/libg.a(lib_a-svfiscanf.o)
                0x000000000200aa6e                _sungetc_r
 .text.__ssrefill_r
                0x000000000200aaec       0x42 /opt/devkitpro/devkitARM/bin/../lib/gcc/arm-none-eabi/12.2.0/../../../../arm-none-eabi/lib/thumb/libg.a(lib_a-svfiscanf.o)
                0x000000000200aaec                __ssrefill_r
 .text._sfread_r
                0x000000000200ab2e       0x88 /opt/devkitpro/devkitARM/bin/../lib/gcc/arm-none-eabi/12.2.0/../../../../arm-none-eabi/lib/thumb/libg.a(lib_a-svfiscanf.o)
                0x000000000200ab2e                _sfread_r
 *fill*         0x000000000200abb6        0x2 ff
 .text.__ssvfiscanf_r
                0x000000000200abb8     0x1ae0 /opt/devkitpro/devkitARM/bin/../lib/gcc/arm-none-eabi/12.2.0/../../../../arm-none-eabi/lib/thumb/libg.a(lib_a-svfiscanf.o)
                0x000000000200abb8                __ssvfiscanf_r
 .text.__submore
                0x000000000200c698       0x88 /opt/devkitpro/devkitARM/bin/../lib/gcc/arm-none-eabi/12.2.0/../../../../arm-none-eabi/lib/thumb/libg.a(lib_a-ungetc.o)
                0x000000000200c698                __submore
 .text.get_arg  0x000000000200c720      0x42c /opt/devkitpro/devkitARM/bin/../lib/gcc/arm-none-eabi/12.2.0/../../../../arm-none-eabi/lib/thumb/libg.a(lib_a-vfiprintf.o)
 .text.__sprint_r
                0x000000000200cb4c       0x24 /opt/devkitpro/devkitARM/bin/../lib/gcc/arm-none-eabi/12.2.0/../../../../arm-none-eabi/lib/thumb/libg.a(lib_a-vfiprintf.o)
                0x000000000200cb4c                __sprint_r
 .text._vfiprintf_r
                0x000000000200cb70     0x173c /opt/devkitpro/devkitARM/bin/../lib/gcc/arm-none-eabi/12.2.0/../../../../arm-none-eabi/lib/thumb/libg.a(lib_a-vfiprintf.o)
                0x000000000200cb70                _vfiprintf_r
 .text.__sbprintf
                0x000000000200e2ac       0x8c /opt/devkitpro/devkitARM/bin/../lib/gcc/arm-none-eabi/12.2.0/../../../../arm-none-eabi/lib/thumb/libg.a(lib_a-vfiprintf.o)
 .text._wcrtomb_r
                0x000000000200e338       0x5c /opt/devkitpro/devkitARM/bin/../lib/gcc/arm-none-eabi/12.2.0/../../../../arm-none-eabi/lib/thumb/libg.a(lib_a-wcrtomb.o)
                0x000000000200e338                _wcrtomb_r
 .text._wcsrtombs_r
                0x000000000200e394       0x1c /opt/devkitpro/devkitARM/bin/../lib/gcc/arm-none-eabi/12.2.0/../../../../arm-none-eabi/lib/thumb/libg.a(lib_a-wcsrtombs.o)
                0x000000000200e394                _wcsrtombs_r
 .text.__swsetup_r
                0x000000000200e3b0       0xd0 /opt/devkitpro/devkitARM/bin/../lib/gcc/arm-none-eabi/12.2.0/../../../../arm-none-eabi/lib/thumb/libg.a(lib_a-wsetup.o)
                0x000000000200e3b0                __swsetup_r
 .text.__sflush_r
                0x000000000200e480      0x18c /opt/devkitpro/devkitARM/bin/../lib/gcc/arm-none-eabi/12.2.0/../../../../arm-none-eabi/lib/thumb/libg.a(lib_a-fflush.o)
                0x000000000200e480                __sflush_r
 .text._fflush_r
                0x000000000200e60c       0x70 /opt/devkitpro/devkitARM/bin/../lib/gcc/arm-none-eabi/12.2.0/../../../../arm-none-eabi/lib/thumb/libg.a(lib_a-fflush.o)
                0x000000000200e60c                _fflush_r
 .text._cleanup_r
                0x000000000200e67c       0x14 /opt/devkitpro/devkitARM/bin/../lib/gcc/arm-none-eabi/12.2.0/../../../../arm-none-eabi/lib/thumb/libg.a(lib_a-findfp.o)
                0x000000000200e67c                _cleanup_r
 .text.__sinit  0x000000000200e690      0x124 /opt/devkitpro/devkitARM/bin/../lib/gcc/arm-none-eabi/12.2.0/../../../../arm-none-eabi/lib/thumb/libg.a(lib_a-findfp.o)
                0x000000000200e690                __sinit
 .text.__sfp_lock_acquire
                0x000000000200e7b4       0x14 /opt/devkitpro/devkitARM/bin/../lib/gcc/arm-none-eabi/12.2.0/../../../../arm-none-eabi/lib/thumb/libg.a(lib_a-findfp.o)
                0x000000000200e7b4                __sfp_lock_acquire
 .text.__sfp_lock_release
                0x000000000200e7c8       0x14 /opt/devkitpro/devkitARM/bin/../lib/gcc/arm-none-eabi/12.2.0/../../../../arm-none-eabi/lib/thumb/libg.a(lib_a-findfp.o)
                0x000000000200e7c8                __sfp_lock_release
 .text._malloc_trim_r
                0x000000000200e7dc       0xac /opt/devkitpro/devkitARM/bin/../lib/gcc/arm-none-eabi/12.2.0/../../../../arm-none-eabi/lib/thumb/libg.a(lib_a-freer.o)
                0x000000000200e7dc                _malloc_trim_r
 .text._free_r  0x000000000200e888      0x1d8 /opt/devkitpro/devkitARM/bin/../lib/gcc/arm-none-eabi/12.2.0/../../../../arm-none-eabi/lib/thumb/libg.a(lib_a-freer.o)
                0x000000000200e888                _free_r
 .text.__sfvwrite_r
                0x000000000200ea60      0x334 /opt/devkitpro/devkitARM/bin/../lib/gcc/arm-none-eabi/12.2.0/../../../../arm-none-eabi/lib/thumb/libg.a(lib_a-fvwrite.o)
                0x000000000200ea60                __sfvwrite_r
 .text._fwalk_reent
                0x000000000200ed94       0x50 /opt/devkitpro/devkitARM/bin/../lib/gcc/arm-none-eabi/12.2.0/../../../../arm-none-eabi/lib/thumb/libg.a(lib_a-fwalk.o)
                0x000000000200ed94                _fwalk_reent
 .text.iswspace
                0x000000000200ede4       0x10 /opt/devkitpro/devkitARM/bin/../lib/gcc/arm-none-eabi/12.2.0/../../../../arm-none-eabi/lib/thumb/libg.a(lib_a-iswspace.o)
                0x000000000200ede4                iswspace
 .text._localeconv_r
                0x000000000200edf4        0x8 /opt/devkitpro/devkitARM/bin/../lib/gcc/arm-none-eabi/12.2.0/../../../../arm-none-eabi/lib/thumb/libg.a(lib_a-localeconv.o)
                0x000000000200edf4                _localeconv_r
 .text.__locale_mb_cur_max
                0x000000000200edfc       0x10 /opt/devkitpro/devkitARM/bin/../lib/gcc/arm-none-eabi/12.2.0/../../../../arm-none-eabi/lib/thumb/libg.a(lib_a-locale.o)
                0x000000000200edfc                __locale_mb_cur_max
 .text.__smakebuf_r
                0x000000000200ee0c       0xf0 /opt/devkitpro/devkitARM/bin/../lib/gcc/arm-none-eabi/12.2.0/../../../../arm-none-eabi/lib/thumb/libg.a(lib_a-makebuf.o)
                0x000000000200ee0c                __smakebuf_r
 .text.__swhatbuf_r
                0x000000000200eefc       0x5c /opt/devkitpro/devkitARM/bin/../lib/gcc/arm-none-eabi/12.2.0/../../../../arm-none-eabi/lib/thumb/libg.a(lib_a-makebuf.o)
                0x000000000200eefc                __swhatbuf_r
 .text._mbrtowc_r
                0x000000000200ef58       0x60 /opt/devkitpro/devkitARM/bin/../lib/gcc/arm-none-eabi/12.2.0/../../../../arm-none-eabi/lib/thumb/libg.a(lib_a-mbrtowc.o)
                0x000000000200ef58                _mbrtowc_r
 .text.__utf8_mbtowc
                0x000000000200efb8      0x27c /opt/devkitpro/devkitARM/bin/../lib/gcc/arm-none-eabi/12.2.0/../../../../arm-none-eabi/lib/thumb/libg.a(lib_a-mbtowc_r.o)
                0x000000000200efb8                __utf8_mbtowc
 .text.__sccl   0x000000000200f234       0x90 /opt/devkitpro/devkitARM/bin/../lib/gcc/arm-none-eabi/12.2.0/../../../../arm-none-eabi/lib/thumb/libg.a(lib_a-sccl.o)
                0x000000000200f234                __sccl
 .text.strncpy  0x000000000200f2c4       0x68 /opt/devkitpro/devkitARM/bin/../lib/gcc/arm-none-eabi/12.2.0/../../../../arm-none-eabi/lib/thumb/libg.a(lib_a-strncpy.o)
                0x000000000200f2c4                strncpy
 .text._strtoll_l.constprop.0
                0x000000000200f32c      0x1a0 /opt/devkitpro/devkitARM/bin/../lib/gcc/arm-none-eabi/12.2.0/../../../../arm-none-eabi/lib/thumb/libg.a(lib_a-strtoll.o)
 .text._strtoll_r
                0x000000000200f4cc        0xc /opt/devkitpro/devkitARM/bin/../lib/gcc/arm-none-eabi/12.2.0/../../../../arm-none-eabi/lib/thumb/libg.a(lib_a-strtoll.o)
                0x000000000200f4cc                _strtoll_r
 .text._strtol_l.part.0
                0x000000000200f4d8      0x144 /opt/devkitpro/devkitARM/bin/../lib/gcc/arm-none-eabi/12.2.0/../../../../arm-none-eabi/lib/thumb/libg.a(lib_a-strtol.o)
 .text._strtol_r
                0x000000000200f61c       0x20 /opt/devkitpro/devkitARM/bin/../lib/gcc/arm-none-eabi/12.2.0/../../../../arm-none-eabi/lib/thumb/libg.a(lib_a-strtol.o)
                0x000000000200f61c                _strtol_r
 .text._strtoull_l.constprop.0
                0x000000000200f63c      0x1bc /opt/devkitpro/devkitARM/bin/../lib/gcc/arm-none-eabi/12.2.0/../../../../arm-none-eabi/lib/thumb/libg.a(lib_a-strtoull.o)
 .text._strtoull_r
                0x000000000200f7f8        0xc /opt/devkitpro/devkitARM/bin/../lib/gcc/arm-none-eabi/12.2.0/../../../../arm-none-eabi/lib/thumb/libg.a(lib_a-strtoull.o)
                0x000000000200f7f8                _strtoull_r
 .text._wcsnrtombs_l
                0x000000000200f804      0x11c /opt/devkitpro/devkitARM/bin/../lib/gcc/arm-none-eabi/12.2.0/../../../../arm-none-eabi/lib/thumb/libg.a(lib_a-wcsnrtombs.o)
                0x000000000200f804                _wcsnrtombs_l
 .text._wcsnrtombs_r
                0x000000000200f920       0x30 /opt/devkitpro/devkitARM/bin/../lib/gcc/arm-none-eabi/12.2.0/../../../../arm-none-eabi/lib/thumb/libg.a(lib_a-wcsnrtombs.o)
                0x000000000200f920                _wcsnrtombs_r
 .text.__utf8_wctomb
                0x000000000200f950       0xb4 /opt/devkitpro/devkitARM/bin/../lib/gcc/arm-none-eabi/12.2.0/../../../../arm-none-eabi/lib/thumb/libg.a(lib_a-wctomb_r.o)
                0x000000000200f950                __utf8_wctomb
 .text._fclose_r
                0x000000000200fa04       0xe4 /opt/devkitpro/devkitARM/bin/../lib/gcc/arm-none-eabi/12.2.0/../../../../arm-none-eabi/lib/thumb/libg.a(lib_a-fclose.o)
                0x000000000200fa04                _fclose_r
 .text.iswspace_l
                0x000000000200fae8       0x2c /opt/devkitpro/devkitARM/bin/../lib/gcc/arm-none-eabi/12.2.0/../../../../arm-none-eabi/lib/thumb/libg.a(lib_a-iswspace_l.o)
                0x000000000200fae8                iswspace_l
 .text.__jp2uc  0x000000000200fb14      0x14c /opt/devkitpro/devkitARM/bin/../lib/gcc/arm-none-eabi/12.2.0/../../../../arm-none-eabi/lib/thumb/libg.a(lib_a-jp2uc.o)
 .text._jp2uc_l
                0x000000000200fc60       0x6c /opt/devkitpro/devkitARM/bin/../lib/gcc/arm-none-eabi/12.2.0/../../../../arm-none-eabi/lib/thumb/libg.a(lib_a-jp2uc.o)
                0x000000000200fc60                _jp2uc_l
 .text.category
                0x000000000200fccc       0x54 /opt/devkitpro/devkitARM/bin/../lib/gcc/arm-none-eabi/12.2.0/../../../../arm-none-eabi/lib/thumb/libg.a(lib_a-categories.o)
                0x000000000200fccc                category
 .text.null_write
                0x000000000200fd20        0x4 /opt/devkitpro/devkitARM/bin/../lib/gcc/arm-none-eabi/12.2.0/../../../../arm-none-eabi/lib/thumb/libsysbase.a(iosupport.o)
 .text._fstat_r
                0x000000000200fd24       0x4c /opt/devkitpro/devkitARM/bin/../lib/gcc/arm-none-eabi/12.2.0/../../../../arm-none-eabi/lib/thumb/libsysbase.a(fstat.o)
                0x000000000200fd24                _fstat_r
 .text._getpid_r
                0x000000000200fd70        0xc /opt/devkitpro/devkitARM/bin/../lib/gcc/arm-none-eabi/12.2.0/../../../../arm-none-eabi/lib/thumb/libsysbase.a(getpid.o)
                0x000000000200fd70                _getpid_r
 .text._isatty_r
                0x000000000200fd7c        0x4 /opt/devkitpro/devkitARM/bin/../lib/gcc/arm-none-eabi/12.2.0/../../../../arm-none-eabi/lib/thumb/libsysbase.a(isatty.o)
                0x000000000200fd7c                _isatty_r
 .text._kill_r  0x000000000200fd80        0xc /opt/devkitpro/devkitARM/bin/../lib/gcc/arm-none-eabi/12.2.0/../../../../arm-none-eabi/lib/thumb/libsysbase.a(kill.o)
                0x000000000200fd80                _kill_r
 .text._lseek_r
                0x000000000200fd8c       0x5c /opt/devkitpro/devkitARM/bin/../lib/gcc/arm-none-eabi/12.2.0/../../../../arm-none-eabi/lib/thumb/libsysbase.a(lseek.o)
                0x000000000200fd8c                _lseek_r
 .text._read_r  0x000000000200fde8       0x50 /opt/devkitpro/devkitARM/bin/../lib/gcc/arm-none-eabi/12.2.0/../../../../arm-none-eabi/lib/thumb/libsysbase.a(read.o)
                0x000000000200fde8                _read_r
 .text._sbrk_r  0x000000000200fe38       0x54 /opt/devkitpro/devkitARM/bin/../lib/gcc/arm-none-eabi/12.2.0/../../../../arm-none-eabi/lib/thumb/libsysbase.a(sbrk.o)
                0x000000000200fe38                _sbrk_r
 .text._write_r
                0x000000000200fe8c       0x50 /opt/devkitpro/devkitARM/bin/../lib/gcc/arm-none-eabi/12.2.0/../../../../arm-none-eabi/lib/thumb/libsysbase.a(write.o)
                0x000000000200fe8c                _write_r
 .text._exit    0x000000000200fedc       0x14 /opt/devkitpro/devkitARM/bin/../lib/gcc/arm-none-eabi/12.2.0/../../../../arm-none-eabi/lib/thumb/libsysbase.a(_exit.o)
                0x000000000200fedc                _exit
 .text.build_argv
                0x000000000200fef0       0x4c /opt/devkitpro/devkitARM/bin/../lib/gcc/arm-none-eabi/12.2.0/../../../../arm-none-eabi/lib/thumb/libsysbase.a(build_argv.o)
                0x000000000200fef0                build_argv
 .text.__flockfile
                0x000000000200ff3c       0x10 /opt/devkitpro/devkitARM/bin/../lib/gcc/arm-none-eabi/12.2.0/../../../../arm-none-eabi/lib/thumb/libsysbase.a(flock.o)
                0x000000000200ff3c                __flockfile
 .text.__funlockfile
                0x000000000200ff4c       0x10 /opt/devkitpro/devkitARM/bin/../lib/gcc/arm-none-eabi/12.2.0/../../../../arm-none-eabi/lib/thumb/libsysbase.a(flock.o)
                0x000000000200ff4c                __funlockfile
 .text.__get_handle
                0x000000000200ff5c       0x34 /opt/devkitpro/devkitARM/bin/../lib/gcc/arm-none-eabi/12.2.0/../../../../arm-none-eabi/lib/thumb/libsysbase.a(handle_manager.o)
                0x000000000200ff5c                __get_handle
 .text._close_r
                0x000000000200ff90       0xb8 /opt/devkitpro/devkitARM/bin/../lib/gcc/arm-none-eabi/12.2.0/../../../../arm-none-eabi/lib/thumb/libsysbase.a(handle_manager.o)
                0x000000000200ff90                _close_r
 .text.__getreent
                0x0000000002010048       0x20 /opt/devkitpro/devkitARM/bin/../lib/gcc/arm-none-eabi/12.2.0/../../../../arm-none-eabi/lib/thumb/libsysbase.a(getreent.o)
                0x0000000002010048                __getreent
 .text.__libc_lock_acquire
                0x0000000002010068       0x18 /opt/devkitpro/devkitARM/bin/../lib/gcc/arm-none-eabi/12.2.0/../../../../arm-none-eabi/lib/thumb/libsysbase.a(syscall_support.o)
                0x0000000002010068                __libc_lock_acquire
 .text.__libc_lock_release
                0x0000000002010080       0x18 /opt/devkitpro/devkitARM/bin/../lib/gcc/arm-none-eabi/12.2.0/../../../../arm-none-eabi/lib/thumb/libsysbase.a(syscall_support.o)
                0x0000000002010080                __libc_lock_release
 .text.__libc_lock_init_recursive
                0x0000000002010098       0x18 /opt/devkitpro/devkitARM/bin/../lib/gcc/arm-none-eabi/12.2.0/../../../../arm-none-eabi/lib/thumb/libsysbase.a(syscall_support.o)
                0x0000000002010098                __libc_lock_init_recursive
 .text.__libc_lock_acquire_recursive
                0x00000000020100b0       0x18 /opt/devkitpro/devkitARM/bin/../lib/gcc/arm-none-eabi/12.2.0/../../../../arm-none-eabi/lib/thumb/libsysbase.a(syscall_support.o)
                0x00000000020100b0                __libc_lock_acquire_recursive
 .text.__libc_lock_release_recursive
                0x00000000020100c8       0x18 /opt/devkitpro/devkitARM/bin/../lib/gcc/arm-none-eabi/12.2.0/../../../../arm-none-eabi/lib/thumb/libsysbase.a(syscall_support.o)
                0x00000000020100c8                __libc_lock_release_recursive
 .text.__libc_lock_close_recursive
                0x00000000020100e0       0x18 /opt/devkitpro/devkitARM/bin/../lib/gcc/arm-none-eabi/12.2.0/../../../../arm-none-eabi/lib/thumb/libsysbase.a(syscall_support.o)
                0x00000000020100e0                __libc_lock_close_recursive
 .text.__udivmoddi4
                0x00000000020100f8      0x19c /opt/devkitpro/devkitARM/bin/../lib/gcc/arm-none-eabi/12.2.0/thumb/libgcc.a(_udivmoddi4.o)
                0x00000000020100f8                __udivmoddi4
 *fill*         0x0000000002010294        0x4 ff
 .text.__udivmoddi4.__stub
                0x0000000002010298      0x178 linker stubs
 *(EXCLUDE_FILE(*.twl*) .gnu.warning)
 *(EXCLUDE_FILE(*.twl*) .gnu.linkonce.t*)
 *(.glue_7)
 .glue_7        0x0000000002010420        0x0 linker stubs
 *(.glue_7t)
 .glue_7t       0x0000000002010420        0x0 linker stubs
                0x0000000002010420                . = ALIGN (0x4)

.vfp11_veneer   0x0000000002010420        0x0
 .vfp11_veneer  0x0000000002010420        0x0 linker stubs

.v4_bx          0x0000000002010420        0x0
 .v4_bx         0x0000000002010420        0x0 linker stubs

.iplt           0x0000000002010420        0x0
 .iplt          0x0000000002010420        0x0 /opt/devkitpro/devkitARM/bin/../lib/gcc/arm-none-eabi/12.2.0/../../../../arm-none-eabi/lib/thumb/ds_arm9_crt0.o

.fini           0x0000000002010420        0xc
 *(.fini)
 .fini          0x0000000002010420        0x4 /opt/devkitpro/devkitARM/bin/../lib/gcc/arm-none-eabi/12.2.0/thumb/crti.o
                0x0000000002010420                _fini
 .fini          0x0000000002010424        0x8 /opt/devkitpro/devkitARM/bin/../lib/gcc/arm-none-eabi/12.2.0/thumb/crtn.o
                0x000000000201042c                __text_end = .

.rodata         0x000000000201042c     0x9648
 *(EXCLUDE_FILE(*.twl*) .rodata)
 .rodata        0x000000000201042c       0x24 /opt/devkitpro/libnds/lib/libnds9.a(videoGL.o)
 *all.rodata*(*)
 *(EXCLUDE_FILE(*.twl*) .roda)
 *(EXCLUDE_FILE(*.twl*) .rodata.*)
 .rodata._ZNSt6vectorI5EnemySaIS0_EE17_M_realloc_insertIJS0_EEEvN9__gnu_cxx17__normal_iteratorIPS0_S2_EEDpOT_.str1.4
                0x0000000002010450       0x1a main.o
 *fill*         0x000000000201046a        0x2 ff
 .rodata.str1.4
                0x000000000201046c       0x51 main.o
 *fill*         0x00000000020104bd        0x3 ff
 .rodata.SIN_LUT
                0x00000000020104c0      0x102 /opt/devkitpro/libnds/lib/libnds9.a(trig.o)
                0x00000000020104c0                SIN_LUT
 *fill*         0x00000000020105c2        0x2 ff
 .rodata.TAN_LUT
                0x00000000020105c4      0x204 /opt/devkitpro/libnds/lib/libnds9.a(trig.o)
                0x00000000020105c4                TAN_LUT
 .rodata.con_write.str1.4
                0x00000000020107c8       0x30 /opt/devkitpro/libnds/lib/libnds9.a(console.o)
 .rodata.con_write
                0x00000000020107f8       0xd4 /opt/devkitpro/libnds/lib/libnds9.a(console.o)
 .rodata.consoleClear.str1.4
                0x00000000020108cc        0x5 /opt/devkitpro/libnds/lib/libnds9.a(console.o)
 *fill*         0x00000000020108d1        0x3 ff
 .rodata.str1.4
                0x00000000020108d4       0x14 /opt/devkitpro/libnds/lib/libnds9.a(console.o)
 .rodata.dotab_stdout
                0x00000000020108e8       0x70 /opt/devkitpro/libnds/lib/libnds9.a(console.o)
 .rodata.glMaterialf
                0x0000000002010958       0x44 /opt/devkitpro/libnds/lib/libnds9.a(videoGL.o)
 .rodata.default_font_bin
                0x000000000201099c     0x2000 /opt/devkitpro/libnds/lib/libnds9.a(default_font.bin.o)
                0x000000000201099c                default_font_bin
                0x000000000201299c                default_font_bin_end
 .rodata._ZNKSt9bad_alloc4whatEv.str1.4
                0x000000000201299c        0xf /opt/devkitpro/devkitARM/bin/../lib/gcc/arm-none-eabi/12.2.0/../../../../arm-none-eabi/lib/thumb/libstdc++.a(bad_alloc.o)
 *fill*         0x00000000020129ab        0x1 ff
 .rodata._ZTSSt9bad_alloc
                0x00000000020129ac        0xd /opt/devkitpro/devkitARM/bin/../lib/gcc/arm-none-eabi/12.2.0/../../../../arm-none-eabi/lib/thumb/libstdc++.a(bad_alloc.o)
                0x00000000020129ac                typeinfo name for std::bad_alloc
 *fill*         0x00000000020129b9        0x3 ff
 .rodata._ZTISt9bad_alloc
                0x00000000020129bc        0xc /opt/devkitpro/devkitARM/bin/../lib/gcc/arm-none-eabi/12.2.0/../../../../arm-none-eabi/lib/thumb/libstdc++.a(bad_alloc.o)
                0x00000000020129bc                typeinfo for std::bad_alloc
 .rodata._ZTVSt9bad_alloc
                0x00000000020129c8       0x14 /opt/devkitpro/devkitARM/bin/../lib/gcc/arm-none-eabi/12.2.0/../../../../arm-none-eabi/lib/thumb/libstdc++.a(bad_alloc.o)
                0x00000000020129c8                vtable for std::bad_alloc
 .rodata._ZNKSt13bad_exception4whatEv.str1.4
                0x00000000020129dc       0x13 /opt/devkitpro/devkitARM/bin/../lib/gcc/arm-none-eabi/12.2.0/../../../../arm-none-eabi/lib/thumb/libstdc++.a(eh_exception.o)
 *fill*         0x00000000020129ef        0x1 ff
 .rodata._ZTSSt9exception
                0x00000000020129f0        0xd /opt/devkitpro/devkitARM/bin/../lib/gcc/arm-none-eabi/12.2.0/../../../../arm-none-eabi/lib/thumb/libstdc++.a(eh_exception.o)
                0x00000000020129f0                typeinfo name for std::exception
 *fill*         0x00000000020129fd        0x3 ff
 .rodata._ZTISt9exception
                0x0000000002012a00        0x8 /opt/devkitpro/devkitARM/bin/../lib/gcc/arm-none-eabi/12.2.0/../../../../arm-none-eabi/lib/thumb/libstdc++.a(eh_exception.o)
                0x0000000002012a00                typeinfo for std::exception
 .rodata._ZTSSt13bad_exception
                0x0000000002012a08       0x12 /opt/devkitpro/devkitARM/bin/../lib/gcc/arm-none-eabi/12.2.0/../../../../arm-none-eabi/lib/thumb/libstdc++.a(eh_exception.o)
                0x0000000002012a08                typeinfo name for std::bad_exception
 *fill*         0x0000000002012a1a        0x2 ff
 .rodata._ZTISt13bad_exception
                0x0000000002012a1c        0xc /opt/devkitpro/devkitARM/bin/../lib/gcc/arm-none-eabi/12.2.0/../../../../arm-none-eabi/lib/thumb/libstdc++.a(eh_exception.o)
                0x0000000002012a1c                typeinfo for std::bad_exception
 .rodata._ZTSN10__cxxabiv115__forced_unwindE
                0x0000000002012a28       0x20 /opt/devkitpro/devkitARM/bin/../lib/gcc/arm-none-eabi/12.2.0/../../../../arm-none-eabi/lib/thumb/libstdc++.a(eh_exception.o)
                0x0000000002012a28                typeinfo name for __cxxabiv1::__forced_unwind
 .rodata._ZTIN10__cxxabiv115__forced_unwindE
                0x0000000002012a48        0x8 /opt/devkitpro/devkitARM/bin/../lib/gcc/arm-none-eabi/12.2.0/../../../../arm-none-eabi/lib/thumb/libstdc++.a(eh_exception.o)
                0x0000000002012a48                typeinfo for __cxxabiv1::__forced_unwind
 .rodata._ZTSN10__cxxabiv119__foreign_exceptionE
                0x0000000002012a50       0x24 /opt/devkitpro/devkitARM/bin/../lib/gcc/arm-none-eabi/12.2.0/../../../../arm-none-eabi/lib/thumb/libstdc++.a(eh_exception.o)
                0x0000000002012a50                typeinfo name for __cxxabiv1::__foreign_exception
 .rodata._ZTIN10__cxxabiv119__foreign_exceptionE
                0x0000000002012a74        0x8 /opt/devkitpro/devkitARM/bin/../lib/gcc/arm-none-eabi/12.2.0/../../../../arm-none-eabi/lib/thumb/libstdc++.a(eh_exception.o)
                0x0000000002012a74                typeinfo for __cxxabiv1::__foreign_exception
 .rodata._ZTVSt13bad_exception
                0x0000000002012a7c       0x14 /opt/devkitpro/devkitARM/bin/../lib/gcc/arm-none-eabi/12.2.0/../../../../arm-none-eabi/lib/thumb/libstdc++.a(eh_exception.o)
                0x0000000002012a7c                vtable for std::bad_exception
 .rodata._ZL28read_encoded_value_with_basehjPKhPj
                0x0000000002012a90       0x34 /opt/devkitpro/devkitARM/bin/../lib/gcc/arm-none-eabi/12.2.0/../../../../arm-none-eabi/lib/thumb/libstdc++.a(eh_personality.o)
 .rodata._ZTSN10__cxxabiv120__si_class_type_infoE
                0x0000000002012ac4       0x25 /opt/devkitpro/devkitARM/bin/../lib/gcc/arm-none-eabi/12.2.0/../../../../arm-none-eabi/lib/thumb/libstdc++.a(si_class_type_info.o)
                0x0000000002012ac4                typeinfo name for __cxxabiv1::__si_class_type_info
 *fill*         0x0000000002012ae9        0x3 ff
 .rodata._ZTIN10__cxxabiv120__si_class_type_infoE
                0x0000000002012aec        0xc /opt/devkitpro/devkitARM/bin/../lib/gcc/arm-none-eabi/12.2.0/../../../../arm-none-eabi/lib/thumb/libstdc++.a(si_class_type_info.o)
                0x0000000002012aec                typeinfo for __cxxabiv1::__si_class_type_info
 .rodata._ZTVN10__cxxabiv120__si_class_type_infoE
                0x0000000002012af8       0x2c /opt/devkitpro/devkitARM/bin/../lib/gcc/arm-none-eabi/12.2.0/../../../../arm-none-eabi/lib/thumb/libstdc++.a(si_class_type_info.o)
                0x0000000002012af8                vtable for __cxxabiv1::__si_class_type_info
 .rodata._ZTSSt9type_info
                0x0000000002012b24        0xd /opt/devkitpro/devkitARM/bin/../lib/gcc/arm-none-eabi/12.2.0/../../../../arm-none-eabi/lib/thumb/libstdc++.a(tinfo.o)
                0x0000000002012b24                typeinfo name for std::type_info
 *fill*         0x0000000002012b31        0x3 ff
 .rodata._ZTISt9type_info
                0x0000000002012b34        0x8 /opt/devkitpro/devkitARM/bin/../lib/gcc/arm-none-eabi/12.2.0/../../../../arm-none-eabi/lib/thumb/libstdc++.a(tinfo.o)
                0x0000000002012b34                typeinfo for std::type_info
 .rodata._ZTSSt11logic_error
                0x0000000002012b3c       0x10 /opt/devkitpro/devkitARM/bin/../lib/gcc/arm-none-eabi/12.2.0/../../../../arm-none-eabi/lib/thumb/libstdc++.a(stdexcept.o)
                0x0000000002012b3c                typeinfo name for std::logic_error
 .rodata._ZTISt11logic_error
                0x0000000002012b4c        0xc /opt/devkitpro/devkitARM/bin/../lib/gcc/arm-none-eabi/12.2.0/../../../../arm-none-eabi/lib/thumb/libstdc++.a(stdexcept.o)
                0x0000000002012b4c                typeinfo for std::logic_error
 .rodata._ZTSSt12length_error
                0x0000000002012b58       0x11 /opt/devkitpro/devkitARM/bin/../lib/gcc/arm-none-eabi/12.2.0/../../../../arm-none-eabi/lib/thumb/libstdc++.a(stdexcept.o)
                0x0000000002012b58                typeinfo name for std::length_error
 *fill*         0x0000000002012b69        0x3 ff
 .rodata._ZTISt12length_error
                0x0000000002012b6c        0xc /opt/devkitpro/devkitARM/bin/../lib/gcc/arm-none-eabi/12.2.0/../../../../arm-none-eabi/lib/thumb/libstdc++.a(stdexcept.o)
                0x0000000002012b6c                typeinfo for std::length_error
 .rodata._ZTVSt11logic_error
                0x0000000002012b78       0x14 /opt/devkitpro/devkitARM/bin/../lib/gcc/arm-none-eabi/12.2.0/../../../../arm-none-eabi/lib/thumb/libstdc++.a(stdexcept.o)
                0x0000000002012b78                vtable for std::logic_error
 .rodata._ZTVSt12length_error
                0x0000000002012b8c       0x14 /opt/devkitpro/devkitARM/bin/../lib/gcc/arm-none-eabi/12.2.0/../../../../arm-none-eabi/lib/thumb/libstdc++.a(stdexcept.o)
                0x0000000002012b8c                vtable for std::length_error
 .rodata._ZNSt11logic_errorC2EPKc.str1.4
                0x0000000002012ba0       0x2a /opt/devkitpro/devkitARM/bin/../lib/gcc/arm-none-eabi/12.2.0/../../../../arm-none-eabi/lib/thumb/libstdc++.a(cow-stdexcept.o)
 *fill*         0x0000000002012bca        0x2 ff
 .rodata._ZNSs4_Rep9_S_createEjjRKSaIcE.str1.4
                0x0000000002012bcc       0x18 /opt/devkitpro/devkitARM/bin/../lib/gcc/arm-none-eabi/12.2.0/../../../../arm-none-eabi/lib/thumb/libstdc++.a(cow-string-inst.o)
 .rodata._ZTSN10__cxxabiv117__class_type_infoE
                0x0000000002012be4       0x22 /opt/devkitpro/devkitARM/bin/../lib/gcc/arm-none-eabi/12.2.0/../../../../arm-none-eabi/lib/thumb/libstdc++.a(class_type_info.o)
                0x0000000002012be4                typeinfo name for __cxxabiv1::__class_type_info
 *fill*         0x0000000002012c06        0x2 ff
 .rodata._ZTIN10__cxxabiv117__class_type_infoE
                0x0000000002012c08        0xc /opt/devkitpro/devkitARM/bin/../lib/gcc/arm-none-eabi/12.2.0/../../../../arm-none-eabi/lib/thumb/libstdc++.a(class_type_info.o)
                0x0000000002012c08                typeinfo for __cxxabiv1::__class_type_info
 .rodata._ZTVN10__cxxabiv117__class_type_infoE
                0x0000000002012c14       0x2c /opt/devkitpro/devkitARM/bin/../lib/gcc/arm-none-eabi/12.2.0/../../../../arm-none-eabi/lib/thumb/libstdc++.a(class_type_info.o)
                0x0000000002012c14                vtable for __cxxabiv1::__class_type_info
 .rodata.basefix.0
                0x0000000002012c40       0x22 /opt/devkitpro/devkitARM/bin/../lib/gcc/arm-none-eabi/12.2.0/../../../../arm-none-eabi/lib/thumb/libg.a(lib_a-svfiscanf.o)
 .rodata._vfiprintf_r.str1.1
                0x0000000002012c62       0x29 /opt/devkitpro/devkitARM/bin/../lib/gcc/arm-none-eabi/12.2.0/../../../../arm-none-eabi/lib/thumb/libg.a(lib_a-vfiprintf.o)
 *fill*         0x0000000002012c8b        0x1 ff
 .rodata.zeroes.0
                0x0000000002012c8c       0x10 /opt/devkitpro/devkitARM/bin/../lib/gcc/arm-none-eabi/12.2.0/../../../../arm-none-eabi/lib/thumb/libg.a(lib_a-vfiprintf.o)
 .rodata.blanks.1
                0x0000000002012c9c       0x10 /opt/devkitpro/devkitARM/bin/../lib/gcc/arm-none-eabi/12.2.0/../../../../arm-none-eabi/lib/thumb/libg.a(lib_a-vfiprintf.o)
 .rodata._ctype_
                0x0000000002012cac      0x101 /opt/devkitpro/devkitARM/bin/../lib/gcc/arm-none-eabi/12.2.0/../../../../arm-none-eabi/lib/thumb/libg.a(lib_a-ctype_.o)
                0x0000000002012cac                _ctype_
 *fill*         0x0000000002012dad        0x3 ff
 .rodata.str1.4
                0x0000000002012db0       0x48 /opt/devkitpro/devkitARM/bin/../lib/gcc/arm-none-eabi/12.2.0/../../../../arm-none-eabi/lib/thumb/libg.a(lib_a-locale.o)
                                         0x4c (size before relaxing)
 .rodata._mbrtowc_r.str1.4
                0x0000000002012df8        0x1 /opt/devkitpro/devkitARM/bin/../lib/gcc/arm-none-eabi/12.2.0/../../../../arm-none-eabi/lib/thumb/libg.a(lib_a-mbrtowc.o)
 .rodata.__action_table
                0x0000000002012df8       0x6c /opt/devkitpro/devkitARM/bin/../lib/gcc/arm-none-eabi/12.2.0/../../../../arm-none-eabi/lib/thumb/libg.a(lib_a-svfiprintf.o)
                0x0000000002012df8                __action_table
 .rodata.__state_table
                0x0000000002012e64       0x6c /opt/devkitpro/devkitARM/bin/../lib/gcc/arm-none-eabi/12.2.0/../../../../arm-none-eabi/lib/thumb/libg.a(lib_a-svfiprintf.o)
                0x0000000002012e64                __state_table
 .rodata.__chclass
                0x0000000002012ed0      0x100 /opt/devkitpro/devkitARM/bin/../lib/gcc/arm-none-eabi/12.2.0/../../../../arm-none-eabi/lib/thumb/libg.a(lib_a-svfiprintf.o)
                0x0000000002012ed0                __chclass
 .rodata.__jp2uc
                0x0000000002012fd0       0x20 /opt/devkitpro/devkitARM/bin/../lib/gcc/arm-none-eabi/12.2.0/../../../../arm-none-eabi/lib/thumb/libg.a(lib_a-jp2uc.o)
 .rodata._jp2uc_l.str1.4
                0x0000000002012ff0       0x12 /opt/devkitpro/devkitARM/bin/../lib/gcc/arm-none-eabi/12.2.0/../../../../arm-none-eabi/lib/thumb/libg.a(lib_a-jp2uc.o)
 *fill*         0x0000000002013002        0x2 ff
 .rodata.d02f4  0x0000000002013004     0x1a7c /opt/devkitpro/devkitARM/bin/../lib/gcc/arm-none-eabi/12.2.0/../../../../arm-none-eabi/lib/thumb/libg.a(lib_a-jp2uc.o)
 .rodata.b02cf  0x0000000002014a80     0x172a /opt/devkitpro/devkitARM/bin/../lib/gcc/arm-none-eabi/12.2.0/../../../../arm-none-eabi/lib/thumb/libg.a(lib_a-jp2uc.o)
 *fill*         0x00000000020161aa        0x2 ff
 .rodata.a8     0x00000000020161ac       0x40 /opt/devkitpro/devkitARM/bin/../lib/gcc/arm-none-eabi/12.2.0/../../../../arm-none-eabi/lib/thumb/libg.a(lib_a-jp2uc.o)
 .rodata.a7     0x00000000020161ec       0xa2 /opt/devkitpro/devkitARM/bin/../lib/gcc/arm-none-eabi/12.2.0/../../../../arm-none-eabi/lib/thumb/libg.a(lib_a-jp2uc.o)
 *fill*         0x000000000201628e        0x2 ff
 .rodata.a6     0x0000000002016290       0x70 /opt/devkitpro/devkitARM/bin/../lib/gcc/arm-none-eabi/12.2.0/../../../../arm-none-eabi/lib/thumb/libg.a(lib_a-jp2uc.o)
 .rodata.a3     0x0000000002016300       0x5b /opt/devkitpro/devkitARM/bin/../lib/gcc/arm-none-eabi/12.2.0/../../../../arm-none-eabi/lib/thumb/libg.a(lib_a-jp2uc.o)
 *fill*         0x000000000201635b        0x1 ff
 .rodata.a2     0x000000000201635c       0xbc /opt/devkitpro/devkitARM/bin/../lib/gcc/arm-none-eabi/12.2.0/../../../../arm-none-eabi/lib/thumb/libg.a(lib_a-jp2uc.o)